Apr 20 17:00:00 fbsd newsyslog[90281]: logfile turned over due to size>1000K
Apr 20 17:04:47 fbsd login[50657]: ROOT LOGIN (root) ON ttyv1
Apr 20 17:41:29 fbsd pkg-static[12358]: gpu-firmware-kmod-g20210330 installed
Apr 20 17:41:30 fbsd pkg-static[93376]: drm-fbsd13-kmod-5.4.92.g20210419 installed
Apr 20 17:42:34 fbsd reboot[59689]: rebooted by root
Apr 20 17:42:34 fbsd syslogd: exiting on signal 15
Apr 20 17:43:37 fbsd syslogd: kernel boot file is /boot/kernel/kernel
Apr 20 17:43:37 fbsd kernel: ---<<BOOT>>---
Apr 20 17:43:37 fbsd kernel: Copyright (c) 1992-2021 The FreeBSD Project.
Apr 20 17:43:37 fbsd kernel: Copyright (c) 1979, 1980, 1983, 1986, 1988, 1989, 1991, 1992, 1993, 1994
Apr 20 17:43:37 fbsd kernel: 	The Regents of the University of California. All rights reserved.
Apr 20 17:43:37 fbsd kernel: FreeBSD is a registered trademark of The FreeBSD Foundation.
Apr 20 17:43:37 fbsd kernel: FreeBSD 13.0-RELEASE #0 releng/13.0-n244733-ea31abc261f: Fri Apr  9 04:24:09 UTC 2021
Apr 20 17:43:37 fbsd kernel:     root@releng1.nyi.freebsd.org:/usr/obj/usr/src/amd64.amd64/sys/GENERIC amd64
Apr 20 17:43:37 fbsd kernel: FreeBSD clang version 11.0.1 (git@github.com:llvm/llvm-project.git llvmorg-11.0.1-0-g43ff75f2c3fe)
Apr 20 17:43:37 fbsd kernel: VT(efifb): resolution 1024x768
Apr 20 17:43:37 fbsd kernel: module_register: cannot register tmpfs from kernel; already loaded from tmpfs.ko
Apr 20 17:43:37 fbsd kernel: Module tmpfs failed to register: 17
Apr 20 17:43:37 fbsd kernel: CPU: Intel(R) Core(TM) i5-4690 CPU @ 3.50GHz (3491.98-MHz K8-class CPU)
Apr 20 17:43:37 fbsd kernel:   Origin="GenuineIntel"  Id=0x306c3  Family=0x6  Model=0x3c  Stepping=3
Apr 20 17:43:37 fbsd kernel:   Features=0xbfebfbff<FPU,VME,DE,PSE,TSC,MSR,PAE,MCE,CX8,APIC,SEP,MTRR,PGE,MCA,CMOV,PAT,PSE36,CLFLUSH,DTS,ACPI,MMX,FXSR,SSE,SSE2,SS,HTT,TM,PBE>
Apr 20 17:43:37 fbsd kernel:   Features2=0x7ffafbff<SSE3,PCLMULQDQ,DTES64,MON,DS_CPL,VMX,SMX,EST,TM2,SSSE3,SDBG,FMA,CX16,xTPR,PDCM,PCID,SSE4.1,SSE4.2,x2APIC,MOVBE,POPCNT,TSCDLT,AESNI,XSAVE,OSXSAVE,AVX,F16C,RDRAND>
Apr 20 17:43:37 fbsd kernel:   AMD Features=0x2c100800<SYSCALL,NX,Page1GB,RDTSCP,LM>
Apr 20 17:43:37 fbsd kernel:   AMD Features2=0x21<LAHF,ABM>
Apr 20 17:43:37 fbsd kernel:   Structured Extended Features=0x2fbb<FSGSBASE,TSCADJ,BMI1,HLE,AVX2,SMEP,BMI2,ERMS,INVPCID,RTM,NFPUSG>
Apr 20 17:43:37 fbsd kernel:   XSAVE Features=0x1<XSAVEOPT>
Apr 20 17:43:37 fbsd kernel:   VT-x: PAT,HLT,MTF,PAUSE,EPT,UG,VPID
Apr 20 17:43:37 fbsd kernel:   TSC: P-state invariant, performance statistics
Apr 20 17:43:37 fbsd kernel: real memory  = 17179869184 (16384 MB)
Apr 20 17:43:37 fbsd kernel: avail memory = 15511564288 (14792 MB)
Apr 20 17:43:37 fbsd kernel: Event timer "LAPIC" quality 600
Apr 20 17:43:37 fbsd kernel: ACPI APIC Table: <ALASKA A M I>
Apr 20 17:43:37 fbsd kernel: FreeBSD/SMP: Multiprocessor System Detected: 4 CPUs
Apr 20 17:43:37 fbsd kernel: FreeBSD/SMP: 1 package(s) x 4 core(s)
Apr 20 17:43:37 fbsd kernel: random: registering fast source Intel Secure Key RNG
Apr 20 17:43:37 fbsd kernel: random: fast provider: "Intel Secure Key RNG"
Apr 20 17:43:37 fbsd kernel: random: unblocking device.
Apr 20 17:43:37 fbsd kernel: ioapic0 <Version 2.0> irqs 0-23
Apr 20 17:43:37 fbsd kernel: Launching APs: 1 3 2
Apr 20 17:43:37 fbsd kernel: Timecounter "TSC-low" frequency 1745992266 Hz quality 1000
Apr 20 17:43:37 fbsd kernel: KTLS: Initialized 4 threads
Apr 20 17:43:37 fbsd kernel: random: entropy device external interface
Apr 20 17:43:37 fbsd kernel: WARNING: Device "kbd" is Giant locked and may be deleted before FreeBSD 14.0.
Apr 20 17:43:37 fbsd kernel: kbd1 at kbdmux0
Apr 20 17:43:37 fbsd kernel: 000.000048 [4354] netmap_init               netmap: loaded module
Apr 20 17:43:37 fbsd kernel: [ath_hal] loaded
Apr 20 17:43:37 fbsd kernel: mlx5en: Mellanox Ethernet driver 3.6.0 (December 2020)
Apr 20 17:43:37 fbsd kernel: nexus0
Apr 20 17:43:37 fbsd kernel: efirtc0: <EFI Realtime Clock>
Apr 20 17:43:37 fbsd kernel: efirtc0: registered as a time-of-day clock, resolution 1.000000s
Apr 20 17:43:37 fbsd kernel: cryptosoft0: <software crypto>
Apr 20 17:43:37 fbsd kernel: aesni0: <AES-CBC,AES-CCM,AES-GCM,AES-ICM,AES-XTS>
Apr 20 17:43:37 fbsd kernel: acpi0: <ALASKA A M I>
Apr 20 17:43:37 fbsd kernel: acpi0: Power Button (fixed)
Apr 20 17:43:37 fbsd kernel: cpu0: <ACPI CPU> on acpi0
Apr 20 17:43:37 fbsd kernel: hpet0: <High Precision Event Timer> iomem 0xfed00000-0xfed003ff on acpi0
Apr 20 17:43:37 fbsd kernel: Timecounter "HPET" frequency 14318180 Hz quality 950
Apr 20 17:43:37 fbsd kernel: Event timer "HPET" frequency 14318180 Hz quality 550
Apr 20 17:43:37 fbsd kernel: Event timer "HPET1" frequency 14318180 Hz quality 440
Apr 20 17:43:37 fbsd kernel: Event timer "HPET2" frequency 14318180 Hz quality 440
Apr 20 17:43:37 fbsd kernel: Event timer "HPET3" frequency 14318180 Hz quality 440
Apr 20 17:43:37 fbsd kernel: Event timer "HPET4" frequency 14318180 Hz quality 440
Apr 20 17:43:37 fbsd kernel: atrtc0: <AT realtime clock> port 0x70-0x77 irq 8 on acpi0
Apr 20 17:43:37 fbsd kernel: atrtc0: Warning: Couldn't map I/O.
Apr 20 17:43:37 fbsd kernel: atrtc0: registered as a time-of-day clock, resolution 1.000000s
Apr 20 17:43:37 fbsd kernel: Event timer "RTC" frequency 32768 Hz quality 0
Apr 20 17:43:37 fbsd kernel: attimer0: <AT timer> port 0x40-0x43,0x50-0x53 irq 0 on acpi0
Apr 20 17:43:37 fbsd kernel: Timecounter "i8254" frequency 1193182 Hz quality 0
Apr 20 17:43:37 fbsd kernel: Event timer "i8254" frequency 1193182 Hz quality 100
Apr 20 17:43:37 fbsd kernel: Timecounter "ACPI-fast" frequency 3579545 Hz quality 900
Apr 20 17:43:37 fbsd kernel: acpi_timer0: <24-bit timer at 3.579545MHz> port 0x1808-0x180b on acpi0
Apr 20 17:43:37 fbsd kernel: pcib0: <ACPI Host-PCI bridge> port 0xcf8-0xcff on acpi0
Apr 20 17:43:37 fbsd kernel: pci0: <ACPI PCI bus> on pcib0
Apr 20 17:43:37 fbsd kernel: vgapci0: <VGA-compatible display> port 0xf000-0xf03f mem 0xf7800000-0xf7bfffff,0xe0000000-0xefffffff irq 16 at device 2.0 on pci0
Apr 20 17:43:37 fbsd kernel: vgapci0: Boot video device
Apr 20 17:43:37 fbsd kernel: hdac0: <Intel Haswell HDA Controller> mem 0xf7e14000-0xf7e17fff irq 16 at device 3.0 on pci0
Apr 20 17:43:37 fbsd kernel: xhci0: <Intel Lynx Point USB 3.0 controller> mem 0xf7e00000-0xf7e0ffff irq 16 at device 20.0 on pci0
Apr 20 17:43:37 fbsd kernel: xhci0: 32 bytes context size, 64-bit DMA
Apr 20 17:43:37 fbsd kernel: xhci0: Port routing mask set to 0xffffffff
Apr 20 17:43:37 fbsd kernel: usbus0 on xhci0
Apr 20 17:43:37 fbsd kernel: usbus0: 5.0Gbps Super Speed USB v3.0
Apr 20 17:43:37 fbsd kernel: pci0: <simple comms> at device 22.0 (no driver attached)
Apr 20 17:43:37 fbsd kernel: ehci0: <Intel Lynx Point USB 2.0 controller USB-B> mem 0xf7e1c000-0xf7e1c3ff irq 16 at device 26.0 on pci0
Apr 20 17:43:37 fbsd kernel: usbus1: EHCI version 1.0
Apr 20 17:43:37 fbsd kernel: usbus1 on ehci0
Apr 20 17:43:37 fbsd kernel: usbus1: 480Mbps High Speed USB v2.0
Apr 20 17:43:37 fbsd kernel: hdac1: <Intel Lynx Point HDA Controller> mem 0xf7e10000-0xf7e13fff irq 22 at device 27.0 on pci0
Apr 20 17:43:37 fbsd kernel: pcib1: <ACPI PCI-PCI bridge> irq 16 at device 28.0 on pci0
Apr 20 17:43:37 fbsd kernel: pci1: <ACPI PCI bus> on pcib1
Apr 20 17:43:37 fbsd kernel: ppt0 mem 0xf7d00000-0xf7d00fff irq 16 at device 0.0 on pci1
Apr 20 17:43:37 fbsd kernel: pcib2: <ACPI PCI-PCI bridge> irq 18 at device 28.2 on pci0
Apr 20 17:43:37 fbsd kernel: pci2: <ACPI PCI bus> on pcib2
Apr 20 17:43:37 fbsd kernel: re0: <RealTek 8168/8111 B/C/CP/D/DP/E/F/G PCIe Gigabit Ethernet> port 0xe000-0xe0ff mem 0xf7c00000-0xf7c00fff,0xf0000000-0xf0003fff irq 18 at device 0.0 on pci2
Apr 20 17:43:37 fbsd kernel: re0: Using 1 MSI-X message
Apr 20 17:43:37 fbsd kernel: re0: Chip rev. 0x4c000000
Apr 20 17:43:37 fbsd kernel: re0: MAC rev. 0x00000000
Apr 20 17:43:37 fbsd kernel: miibus0: <MII bus> on re0
Apr 20 17:43:37 fbsd kernel: rgephy0: <RTL8251/8153 1000BASE-T media interface> PHY 1 on miibus0
Apr 20 17:43:37 fbsd kernel: rgephy0:  none, 10baseT, 10baseT-FDX, 10baseT-FDX-flow, 100baseTX, 100baseTX-FDX, 100baseTX-FDX-flow, 1000baseT-FDX, 1000baseT-FDX-master, 1000baseT-FDX-flow, 1000baseT-FDX-flow-master, auto, auto-flow
Apr 20 17:43:37 fbsd kernel: re0: Using defaults for TSO: 65518/35/2048
Apr 20 17:43:37 fbsd kernel: re0: Ethernet address: 40:8d:5c:35:68:2a
Apr 20 17:43:37 fbsd kernel: re0: netmap queues/slots: TX 1/256, RX 1/256
Apr 20 17:43:37 fbsd kernel: pcib3: <ACPI PCI-PCI bridge> irq 19 at device 28.3 on pci0
Apr 20 17:43:37 fbsd kernel: pci3: <ACPI PCI bus> on pcib3
Apr 20 17:43:37 fbsd kernel: pcib4: <ACPI PCI-PCI bridge> irq 19 at device 0.0 on pci3
Apr 20 17:43:37 fbsd kernel: pci4: <ACPI PCI bus> on pcib4
Apr 20 17:43:37 fbsd kernel: ehci1: <Intel Lynx Point USB 2.0 controller USB-A> mem 0xf7e1b000-0xf7e1b3ff irq 23 at device 29.0 on pci0
Apr 20 17:43:37 fbsd kernel: usbus2: EHCI version 1.0
Apr 20 17:43:37 fbsd kernel: usbus2 on ehci1
Apr 20 17:43:37 fbsd kernel: usbus2: 480Mbps High Speed USB v2.0
Apr 20 17:43:37 fbsd kernel: isab0: <PCI-ISA bridge> at device 31.0 on pci0
Apr 20 17:43:37 fbsd kernel: isa0: <ISA bus> on isab0
Apr 20 17:43:37 fbsd kernel: ahci0: <Intel Lynx Point AHCI SATA controller> port 0xf0b0-0xf0b7,0xf0a0-0xf0a3,0xf090-0xf097,0xf080-0xf083,0xf060-0xf07f mem 0xf7e1a000-0xf7e1a7ff irq 19 at device 31.2 on pci0
Apr 20 17:43:37 fbsd kernel: ahci0: AHCI v1.30 with 6 6Gbps ports, Port Multiplier not supported
Apr 20 17:43:37 fbsd kernel: ahcich0: <AHCI channel> at channel 0 on ahci0
Apr 20 17:43:37 fbsd kernel: ahcich1: <AHCI channel> at channel 1 on ahci0
Apr 20 17:43:37 fbsd kernel: ahcich2: <AHCI channel> at channel 2 on ahci0
Apr 20 17:43:37 fbsd kernel: ahcich3: <AHCI channel> at channel 3 on ahci0
Apr 20 17:43:37 fbsd kernel: ahcich4: <AHCI channel> at channel 4 on ahci0
Apr 20 17:43:37 fbsd kernel: ahciem0: <AHCI enclosure management bridge> on ahci0
Apr 20 17:43:37 fbsd kernel: acpi_button0: <Power Button> on acpi0
Apr 20 17:43:37 fbsd kernel: acpi_tz0: <Thermal Zone> on acpi0
Apr 20 17:43:37 fbsd kernel: acpi_tz1: <Thermal Zone> on acpi0
Apr 20 17:43:37 fbsd kernel: uart0: <16550 or compatible> port 0x3f8-0x3ff irq 4 flags 0x10 on acpi0
Apr 20 17:43:37 fbsd kernel: ppc1: <Parallel port> port 0x378-0x37f irq 5 on acpi0
Apr 20 17:43:37 fbsd kernel: ppc1: Generic chipset (NIBBLE-only) in COMPATIBLE mode
Apr 20 17:43:37 fbsd kernel: ppbus0: <Parallel port bus> on ppc1
Apr 20 17:43:37 fbsd kernel: lpt0: <Printer> on ppbus0
Apr 20 17:43:37 fbsd kernel: lpt0: Interrupt-driven port
Apr 20 17:43:37 fbsd kernel: ppi0: <Parallel I/O> on ppbus0
Apr 20 17:43:37 fbsd kernel: atkbdc0: <Keyboard controller (i8042)> at port 0x60,0x64 on isa0
Apr 20 17:43:37 fbsd kernel: atkbd0: <AT Keyboard> irq 1 on atkbdc0
Apr 20 17:43:37 fbsd kernel: kbd0 at atkbd0
Apr 20 17:43:37 fbsd kernel: atkbd0: [GIANT-LOCKED]
Apr 20 17:43:37 fbsd kernel: atkbdc0: non-PNP ISA device will be removed from GENERIC in FreeBSD 14.
Apr 20 17:43:37 fbsd kernel: est0: <Enhanced SpeedStep Frequency Control> on cpu0
Apr 20 17:43:37 fbsd kernel: module_register_init: MOD_LOAD (tmpfs, 0xffffffff80cd5780, 0xffffffff818f35f0) error 17
Apr 20 17:43:37 fbsd kernel: Timecounters tick every 1.000 msec
Apr 20 17:43:37 fbsd kernel: ZFS filesystem version: 5
Apr 20 17:43:37 fbsd kernel: ZFS storage pool version: features support (5000)
Apr 20 17:43:37 fbsd kernel: hdacc0: <Intel Haswell HDA CODEC> at cad 0 on hdac0
Apr 20 17:43:37 fbsd kernel: hdaa0: <Intel Haswell Audio Function Group> at nid 1 on hdacc0
Apr 20 17:43:37 fbsd kernel: pcm0: <Intel Haswell (HDMI/DP 8ch)> at nid 3 on hdaa0
Apr 20 17:43:37 fbsd kernel: hdacc1: <Realtek ALC892 HDA CODEC> at cad 2 on hdac1
Apr 20 17:43:37 fbsd kernel: hdaa1: <Realtek ALC892 Audio Function Group> at nid 1 on hdacc1
Apr 20 17:43:37 fbsd kernel: pcm1: <Realtek ALC892 (Rear Analog 7.1/2.0)> at nid 20,22,21,23 and 24,26 on hdaa1
Apr 20 17:43:37 fbsd kernel: pcm2: <Realtek ALC892 (Front Analog)> at nid 27 and 25 on hdaa1
Apr 20 17:43:37 fbsd kernel: pcm3: <Realtek ALC892 (Digital)> at nid 17 and 31 on hdaa1
Apr 20 17:43:37 fbsd kernel: sysctl_unregister_oid: failed(22) to unregister sysctl(tmpfs)
Apr 20 17:43:37 fbsd kernel: Trying to mount root from zfs:zroot/ROOT/default []...
Apr 20 17:43:37 fbsd kernel: Root mount waiting for: usbus0 usbus1 usbus2 CAM
Apr 20 17:43:37 fbsd kernel: ugen2.1: <Intel EHCI root HUB> at usbus2
Apr 20 17:43:37 fbsd kernel: ugen1.1: <Intel EHCI root HUB> at usbus1
Apr 20 17:43:37 fbsd kernel: ugen0.1: <0x8086 XHCI root HUB> at usbus0
Apr 20 17:43:37 fbsd kernel: uhub0 on usbus2
Apr 20 17:43:37 fbsd kernel: uhub1 on usbus1
Apr 20 17:43:37 fbsd kernel: uhub1: <Intel EHCI root HUB, class 9/0, rev 2.00/1.00, addr 1> on usbus1
Apr 20 17:43:37 fbsd kernel: uhub0: <Intel EHCI root HUB, class 9/0, rev 2.00/1.00, addr 1> on usbus2
Apr 20 17:43:37 fbsd kernel: uhub2 on usbus0
Apr 20 17:43:37 fbsd kernel: uhub2: <0x8086 XHCI root HUB, class 9/0, rev 3.00/1.00, addr 1> on usbus0
Apr 20 17:43:37 fbsd kernel: ses0 at ahciem0 bus 0 scbus5 target 0 lun 0
Apr 20 17:43:37 fbsd kernel: ses0: <AHCI SGPIO Enclosure 2.00 0001> SEMB S-E-S 2.00 device
Apr 20 17:43:37 fbsd kernel: ses0: SEMB SES Device
Apr 20 17:43:37 fbsd kernel: ada0 at ahcich0 bus 0 scbus0 target 0 lun 0
Apr 20 17:43:37 fbsd kernel: ada0: <KINGSTON SA400S37240G SBFKJ4.3> ACS-3 ATA SATA 3.x device
Apr 20 17:43:37 fbsd kernel: ada0: Serial Number 50026B7380B31283
Apr 20 17:43:37 fbsd kernel: ada0: 600.000MB/s transfers (SATA 3.x, UDMA6, PIO 512bytes)
Apr 20 17:43:37 fbsd kernel: ada0: Command Queueing enabled
Apr 20 17:43:37 fbsd kernel: ada0: 228936MB (468862128 512 byte sectors)
Apr 20 17:43:37 fbsd kernel: ada1 at ahcich1 bus 0 scbus1 target 0 lun 0
Apr 20 17:43:37 fbsd kernel: ada1: <PPSS25-R 256GB AP613PE0> ACS-4 ATA SATA 3.x device
Apr 20 17:43:37 fbsd kernel: ada1: Serial Number 142026150467
Apr 20 17:43:37 fbsd kernel: ada1: 600.000MB/s transfers (SATA 3.x, UDMA6, PIO 8192bytes)
Apr 20 17:43:37 fbsd kernel: ada1: Command Queueing enabled
Apr 20 17:43:37 fbsd kernel: ada1: 244198MB (500118192 512 byte sectors)
Apr 20 17:43:37 fbsd kernel: ses0: pass0,ada0 in 'Slot 00', SATA Slot: scbus0 target 0
Apr 20 17:43:37 fbsd kernel: ada2 at ahcich2 bus 0 scbus2 target 0 lun 0
Apr 20 17:43:37 fbsd kernel: ada2: <ADATA SU630 P190710b> ACS-2 ATA SATA 3.x device
Apr 20 17:43:37 fbsd kernel: ada2: Serial Number 2J4920164502
Apr 20 17:43:37 fbsd kernel: ada2: 600.000MB/s transfers (SATA 3.x, UDMA6, PIO 8192bytes)
Apr 20 17:43:37 fbsd kernel: ada2: Command Queueing enabled
Apr 20 17:43:37 fbsd kernel: ada2: 228936MB (468862128 512 byte sectors)
Apr 20 17:43:37 fbsd kernel: ses0: pass1,ada1 in 'Slot 01', SATA Slot: scbus1 target 0
Apr 20 17:43:37 fbsd kernel: ses0: pass2,ada2 in 'Slot 02', SATA Slot: scbus2 target 0
Apr 20 17:43:37 fbsd kernel: ada3 at ahcich3 bus 0 scbus3 target 0 lun 0
Apr 20 17:43:37 fbsd kernel: ada3: <PPSS25-R 256GB AP613PE0> ACS-4 ATA SATA 3.x device
Apr 20 17:43:37 fbsd kernel: ada3: Serial Number 142026150468
Apr 20 17:43:37 fbsd kernel: ada3: 600.000MB/s transfers (SATA 3.x, UDMA6, PIO 8192bytes)
Apr 20 17:43:37 fbsd kernel: ada3: Command Queueing enabled
Apr 20 17:43:37 fbsd kernel: ada3: 244198MB (500118192 512 byte sectors)
Apr 20 17:43:37 fbsd kernel: ses0: pass3,ada3 in 'Slot 03', SATA Slot: scbus3 target 0
Apr 20 17:43:37 fbsd kernel: ada4 at ahcich4 bus 0 scbus4 target 0 lun 0
Apr 20 17:43:37 fbsd kernel: ada4: <WDC WD3200KS-00PFB0 21.00M21> ATA-7 SATA 2.x device
Apr 20 17:43:37 fbsd kernel: ada4: Serial Number WD-WCAPD1628159
Apr 20 17:43:37 fbsd kernel: ada4: 300.000MB/s transfers (SATA 2.x, UDMA6, PIO 8192bytes)
Apr 20 17:43:37 fbsd kernel: ada4: Command Queueing enabled
Apr 20 17:43:37 fbsd kernel: ada4: 305245MB (625142448 512 byte sectors)
Apr 20 17:43:37 fbsd kernel: ses0: pass4,ada4 in 'Slot 04', SATA Slot: scbus4 target 0
Apr 20 17:43:37 fbsd kernel: uhub1: 2 ports with 2 removable, self powered
Apr 20 17:43:37 fbsd kernel: uhub0: 2 ports with 2 removable, self powered
Apr 20 17:43:37 fbsd kernel: uhub2: 21 ports with 21 removable, self powered
Apr 20 17:43:37 fbsd kernel: Root mount waiting for: usbus0 usbus1 usbus2
Apr 20 17:43:37 fbsd kernel: ugen0.2: <Logitech Gaming Mouse G502> at usbus0
Apr 20 17:43:37 fbsd kernel: usbhid0 on uhub2
Apr 20 17:43:37 fbsd kernel: usbhid0: <Logitech Gaming Mouse G502, class 0/0, rev 2.00/88.02, addr 1> on usbus0
Apr 20 17:43:37 fbsd kernel: hidbus0: <HID bus> on usbhid0
Apr 20 17:43:37 fbsd kernel: ukbd0 on uhub2
Apr 20 17:43:37 fbsd kernel: ukbd0: <Logitech Gaming Mouse G502, class 0/0, rev 2.00/88.02, addr 1> on usbus0
Apr 20 17:43:37 fbsd kernel: kbd2 at ukbd0
Apr 20 17:43:37 fbsd kernel: ugen2.2: <vendor 0x8087 product 0x8000> at usbus2
Apr 20 17:43:37 fbsd kernel: uhub3 on uhub0
Apr 20 17:43:37 fbsd kernel: uhub3: <vendor 0x8087 product 0x8000, class 9/0, rev 2.00/0.05, addr 2> on usbus2
Apr 20 17:43:37 fbsd kernel: ugen1.2: <vendor 0x8087 product 0x8008> at usbus1
Apr 20 17:43:37 fbsd kernel: uhub4 on uhub1
Apr 20 17:43:37 fbsd kernel: uhub4: <vendor 0x8087 product 0x8008, class 9/0, rev 2.00/0.05, addr 2> on usbus1
Apr 20 17:43:37 fbsd kernel: uhub3: 6 ports with 6 removable, self powered
Apr 20 17:43:37 fbsd kernel: uhub4: 6 ports with 6 removable, self powered
Apr 20 17:43:37 fbsd kernel: ugen0.3: <vendor 0x046d product 0x081b> at usbus0
Apr 20 17:43:37 fbsd kernel: Root mount waiting for: usbus0
Apr 20 17:43:37 fbsd kernel: ugen0.4: <Logitech USB Receiver> at usbus0
Apr 20 17:43:37 fbsd kernel: ukbd1 on uhub2
Apr 20 17:43:37 fbsd kernel: ukbd1: <Logitech USB Receiver, class 0/0, rev 2.00/12.09, addr 3> on usbus0
Apr 20 17:43:37 fbsd kernel: kbd3 at ukbd1
Apr 20 17:43:37 fbsd kernel: usbhid1 on uhub2
Apr 20 17:43:37 fbsd kernel: usbhid1: <Logitech USB Receiver, class 0/0, rev 2.00/12.09, addr 3> on usbus0
Apr 20 17:43:37 fbsd kernel: hidbus1: <HID bus> on usbhid1
Apr 20 17:43:37 fbsd kernel: usbhid2 on uhub2
Apr 20 17:43:37 fbsd kernel: usbhid2: <Logitech USB Receiver, class 0/0, rev 2.00/12.09, addr 3> on usbus0
Apr 20 17:43:37 fbsd kernel: hidbus2: <HID bus> on usbhid2
Apr 20 17:43:37 fbsd kernel: GEOM_ELI: Device ada2.eli created.
Apr 20 17:43:37 fbsd kernel: GEOM_ELI: Encryption: AES-XTS 128
Apr 20 17:43:37 fbsd kernel: GEOM_ELI:     Crypto: accelerated software
Apr 20 17:43:37 fbsd kernel: GEOM_ELI: Device ada3.eli created.
Apr 20 17:43:37 fbsd kernel: GEOM_ELI: Encryption: AES-XTS 128
Apr 20 17:43:37 fbsd kernel: GEOM_ELI:     Crypto: accelerated software
Apr 20 17:43:37 fbsd kernel: GEOM_ELI: Device ada0p2.eli created.
Apr 20 17:43:37 fbsd kernel: GEOM_ELI: Encryption: AES-XTS 128
Apr 20 17:43:37 fbsd kernel: GEOM_ELI:     Crypto: accelerated software
Apr 20 17:43:37 fbsd kernel: GEOM_ELI: Device ada1p2.eli created.
Apr 20 17:43:37 fbsd kernel: GEOM_ELI: Encryption: AES-XTS 128
Apr 20 17:43:37 fbsd kernel: GEOM_ELI:     Crypto: accelerated software
Apr 20 17:43:37 fbsd kernel: drmn0: <drmn> on vgapci0
Apr 20 17:43:37 fbsd kernel: vgapci0: child drmn0 requested pci_enable_io
Apr 20 17:43:37 fbsd syslogd: last message repeated 1 times
Apr 20 17:43:37 fbsd kernel: [drm] Unable to create a private tmpfs mount, hugepage support will be disabled(-19).
Apr 20 17:43:37 fbsd kernel: Failed to add WC MTRR for [0xe0000000-0xefffffff]: -22; performance may suffer
Apr 20 17:43:37 fbsd kernel: [drm] Got stolen memory base 0x9fa00000, size 0x22000000
Apr 20 17:43:37 fbsd kernel: [drm ERROR :i915_gem_init_stolen] Stolen reserved area 0xfffffe0109bbca10R outside stolen memory 0xfffffe0109bbc9f8R
Apr 20 17:43:37 fbsd kernel: [drm] Supports vblank timestamp caching Rev 2 (21.10.2013).
Apr 20 17:43:37 fbsd kernel: [drm] Driver supports precise vblank timestamp query.
Apr 20 17:43:37 fbsd kernel: [drm] Connector VGA-1: get mode from tunables:
Apr 20 17:43:37 fbsd kernel: [drm]   - kern.vt.fb.modes.VGA-1
Apr 20 17:43:37 fbsd kernel: [drm]   - kern.vt.fb.default_mode
Apr 20 17:43:37 fbsd kernel: [drm] Connector HDMI-A-1: get mode from tunables:
Apr 20 17:43:37 fbsd kernel: [drm]   - kern.vt.fb.modes.HDMI-A-1
Apr 20 17:43:37 fbsd kernel: [drm]   - kern.vt.fb.default_mode
Apr 20 17:43:37 fbsd kernel: [drm] Connector HDMI-A-2: get mode from tunables:
Apr 20 17:43:37 fbsd kernel: [drm]   - kern.vt.fb.modes.HDMI-A-2
Apr 20 17:43:37 fbsd kernel: [drm]   - kern.vt.fb.default_mode
Apr 20 17:43:37 fbsd kernel: sysctl_warn_reuse: can't re-use a leaf (hw.dri.debug)!
Apr 20 17:43:37 fbsd kernel: [drm] Initialized i915 1.6.0 20190822 for drmn0 on minor 0
Apr 20 17:43:37 fbsd kernel: WARNING: Device "fb" is Giant locked and may be deleted before FreeBSD 14.0.
Apr 20 17:43:37 fbsd kernel: VT: Replacing driver "efifb" with new "fb".
Apr 20 17:43:37 fbsd kernel: start FB_INFO:
Apr 20 17:43:37 fbsd kernel: type=11 height=1050 width=1680 depth=32
Apr 20 17:43:37 fbsd kernel: cmsize=16 size=8294400
Apr 20 17:43:37 fbsd kernel: pbase=0xe0009000 vbase=0xfffff800e0009000
Apr 20 17:43:37 fbsd kernel: name=drmn0 flags=0x0 stride=7680 bpp=32
Apr 20 17:43:37 fbsd kernel: cmap[0]=0 cmap[1]=7f0000 cmap[2]=7f00 cmap[3]=c4a000
Apr 20 17:43:37 fbsd kernel: end FB_INFO
Apr 20 17:43:37 fbsd kernel: drmn0: fb0: i915drmfb frame buffer device
Apr 20 17:43:37 fbsd kernel: Cuse v0.1.36 @ /dev/cuse
Apr 20 17:43:37 fbsd kernel: coretemp0: <CPU On-Die Thermal Sensors> on cpu0
Apr 20 17:43:37 fbsd kernel: ichsmb0: <Intel Lynx Point SMBus controller> port 0xf040-0xf05f mem 0xf7e19000-0xf7e190ff irq 18 at device 31.3 on pci0
Apr 20 17:43:37 fbsd kernel: smbus0: <System Management Bus> on ichsmb0
Apr 20 17:43:37 fbsd kernel: hms0: <Logitech Gaming Mouse G502> on hidbus0
Apr 20 17:43:37 fbsd kernel: hms0: 16 buttons and [XYWH] coordinates ID=0
Apr 20 17:43:37 fbsd kernel: hms1: <Logitech USB Receiver Mouse> on hidbus1
Apr 20 17:43:37 fbsd kernel: hms1: 16 buttons and [XYWH] coordinates ID=2
Apr 20 17:43:37 fbsd kernel: hcons0: <Logitech USB Receiver Consumer Control> on hidbus1
Apr 20 17:43:37 fbsd kernel: hsctrl0: <Logitech USB Receiver System Control> on hidbus1
Apr 20 17:43:37 fbsd kernel: lo0: link state changed to UP
Apr 20 17:43:37 fbsd kernel: re0: link state changed to DOWN
Apr 20 17:43:37 fbsd kernel: uaudio0 on uhub2
Apr 20 17:43:37 fbsd kernel: uaudio0: <vendor 0x046d product 0x081b, class 239/2, rev 2.00/0.12, addr 2> on usbus0
Apr 20 17:43:37 fbsd kernel: uaudio0: No playback.
Apr 20 17:43:37 fbsd kernel: uaudio0: Record[0]: 48000 Hz, 1 ch, 16-bit S-LE PCM format, 2x8ms buffer.
Apr 20 17:43:37 fbsd kernel: uaudio0: Record[0]: 32000 Hz, 1 ch, 16-bit S-LE PCM format, 2x8ms buffer.
Apr 20 17:43:37 fbsd kernel: uaudio0: Record[0]: 24000 Hz, 1 ch, 16-bit S-LE PCM format, 2x8ms buffer.
Apr 20 17:43:37 fbsd kernel: uaudio0: Record[0]: 16000 Hz, 1 ch, 16-bit S-LE PCM format, 2x8ms buffer.
Apr 20 17:43:37 fbsd kernel: uaudio0: No MIDI sequencer.
Apr 20 17:43:37 fbsd kernel: pcm4: <USB audio> on uaudio0
Apr 20 17:43:37 fbsd kernel: uaudio0: No HID volume keys found.
Apr 20 17:43:37 fbsd kernel: re0: link state changed to UP
Apr 20 17:43:37 fbsd kernel: ipfw2 (+ipv6) initialized, divert loadable, nat loadable, default to deny, logging disabled
Apr 20 17:43:37 fbsd kernel: bridge0: Ethernet address: 58:9c:fc:10:43:59
Apr 20 17:43:37 fbsd kernel: bridge0: changing name to 'vm-public'
Apr 20 17:43:37 fbsd kernel: re0: promiscuous mode enabled
Apr 20 17:43:37 fbsd kernel: vm-public: link state changed to UP
Apr 20 17:43:37 fbsd ntpd[37751]: ntpd 4.2.8p15-a (1): Starting
Apr 20 17:43:37 fbsd kernel: Security policy loaded: MAC/ntpd (mac_ntpd)
Apr 20 17:43:37 fbsd ntpd[37751]: Command line: /usr/sbin/ntpd -p /var/db/ntp/ntpd.pid -c /etc/ntp.conf -f /var/db/ntp/ntpd.drift
Apr 20 17:43:37 fbsd ntpd[37751]: ----------------------------------------------------
Apr 20 17:43:37 fbsd ntpd[37751]: ntp-4 is maintained by Network Time Foundation,
Apr 20 17:43:37 fbsd ntpd[37751]: Inc. (NTF), a non-profit 501(c)(3) public-benefit
Apr 20 17:43:37 fbsd ntpd[37751]: corporation.  Support and training for ntp-4 are
Apr 20 17:43:37 fbsd ntpd[37751]: available at https://www.nwtime.org/support
Apr 20 17:43:37 fbsd ntpd[37751]: ----------------------------------------------------
Apr 20 17:43:37 fbsd ntpd[39655]: leapsecond file ('/var/db/ntpd.leap-seconds.list'): good hash signature
Apr 20 17:43:37 fbsd ntpd[39655]: leapsecond file ('/var/db/ntpd.leap-seconds.list'): loaded, expire=2020-12-28T00:00:00Z last=2017-01-01T00:00:00Z ofs=37
Apr 20 17:43:37 fbsd ntpd[39655]: leapsecond file ('/var/db/ntpd.leap-seconds.list'): expired 114 days ago
Apr 20 17:43:41 fbsd login[79822]: ROOT LOGIN (root) ON ttyv0
Apr 20 17:44:10 fbsd devd[35071]: notify_clients: send() failed; dropping unresponsive client
Apr 20 17:44:10 fbsd syslogd: last message repeated 1 times
Apr 20 17:45:07 fbsd devd[35071]: check_clients:  dropping disconnected client
Apr 20 17:45:07 fbsd syslogd: last message repeated 1 times
Apr 20 18:01:11 fbsd login[86621]: ROOT LOGIN (root) ON ttyv0
Apr 20 18:02:24 fbsd login[24852]: ROOT LOGIN (root) ON ttyv0
Apr 20 18:02:36 fbsd devd[35071]: check_clients:  dropping disconnected client
Apr 20 18:02:36 fbsd syslogd: last message repeated 1 times
Apr 20 21:28:33 fbsd shutdown[87175]: power-down by matej: 
Apr 20 21:28:33 fbsd devd[35071]: notify_clients: send() failed; dropping unresponsive client
Apr 20 21:28:33 fbsd kernel: .
Apr 20 21:28:33 fbsd devd[35071]: notify_clients: send() failed; dropping unresponsive client
Apr 20 21:28:33 fbsd syslogd: last message repeated 1 times
Apr 20 21:28:34 fbsd ntpd[39655]: ntpd exiting on signal 15 (Terminated)
Apr 20 21:28:34 fbsd syslogd: exiting on signal 15
Apr 21 17:45:20 fbsd syslogd: kernel boot file is /boot/kernel/kernel
Apr 21 17:45:20 fbsd kernel: ---<<BOOT>>---
Apr 21 17:45:20 fbsd kernel: Copyright (c) 1992-2021 The FreeBSD Project.
Apr 21 17:45:20 fbsd kernel: Copyright (c) 1979, 1980, 1983, 1986, 1988, 1989, 1991, 1992, 1993, 1994
Apr 21 17:45:20 fbsd kernel: 	The Regents of the University of California. All rights reserved.
Apr 21 17:45:20 fbsd kernel: FreeBSD is a registered trademark of The FreeBSD Foundation.
Apr 21 17:45:20 fbsd kernel: FreeBSD 13.0-RELEASE #0 releng/13.0-n244733-ea31abc261f: Fri Apr  9 04:24:09 UTC 2021
Apr 21 17:45:20 fbsd kernel:     root@releng1.nyi.freebsd.org:/usr/obj/usr/src/amd64.amd64/sys/GENERIC amd64
Apr 21 17:45:20 fbsd kernel: FreeBSD clang version 11.0.1 (git@github.com:llvm/llvm-project.git llvmorg-11.0.1-0-g43ff75f2c3fe)
Apr 21 17:45:20 fbsd kernel: VT(efifb): resolution 1024x768
Apr 21 17:45:20 fbsd kernel: module_register: cannot register tmpfs from kernel; already loaded from tmpfs.ko
Apr 21 17:45:20 fbsd kernel: Module tmpfs failed to register: 17
Apr 21 17:45:20 fbsd kernel: CPU: Intel(R) Core(TM) i5-4690 CPU @ 3.50GHz (3491.99-MHz K8-class CPU)
Apr 21 17:45:20 fbsd kernel:   Origin="GenuineIntel"  Id=0x306c3  Family=0x6  Model=0x3c  Stepping=3
Apr 21 17:45:20 fbsd kernel:   Features=0xbfebfbff<FPU,VME,DE,PSE,TSC,MSR,PAE,MCE,CX8,APIC,SEP,MTRR,PGE,MCA,CMOV,PAT,PSE36,CLFLUSH,DTS,ACPI,MMX,FXSR,SSE,SSE2,SS,HTT,TM,PBE>
Apr 21 17:45:20 fbsd kernel:   Features2=0x7ffafbff<SSE3,PCLMULQDQ,DTES64,MON,DS_CPL,VMX,SMX,EST,TM2,SSSE3,SDBG,FMA,CX16,xTPR,PDCM,PCID,SSE4.1,SSE4.2,x2APIC,MOVBE,POPCNT,TSCDLT,AESNI,XSAVE,OSXSAVE,AVX,F16C,RDRAND>
Apr 21 17:45:20 fbsd kernel:   AMD Features=0x2c100800<SYSCALL,NX,Page1GB,RDTSCP,LM>
Apr 21 17:45:20 fbsd kernel:   AMD Features2=0x21<LAHF,ABM>
Apr 21 17:45:20 fbsd kernel:   Structured Extended Features=0x2fbb<FSGSBASE,TSCADJ,BMI1,HLE,AVX2,SMEP,BMI2,ERMS,INVPCID,RTM,NFPUSG>
Apr 21 17:45:20 fbsd kernel:   XSAVE Features=0x1<XSAVEOPT>
Apr 21 17:45:20 fbsd kernel:   VT-x: PAT,HLT,MTF,PAUSE,EPT,UG,VPID
Apr 21 17:45:20 fbsd kernel:   TSC: P-state invariant, performance statistics
Apr 21 17:45:20 fbsd kernel: real memory  = 17179869184 (16384 MB)
Apr 21 17:45:20 fbsd kernel: avail memory = 15511564288 (14792 MB)
Apr 21 17:45:20 fbsd kernel: Event timer "LAPIC" quality 600
Apr 21 17:45:20 fbsd kernel: ACPI APIC Table: <ALASKA A M I>
Apr 21 17:45:20 fbsd kernel: FreeBSD/SMP: Multiprocessor System Detected: 4 CPUs
Apr 21 17:45:20 fbsd kernel: FreeBSD/SMP: 1 package(s) x 4 core(s)
Apr 21 17:45:20 fbsd kernel: random: registering fast source Intel Secure Key RNG
Apr 21 17:45:20 fbsd kernel: random: fast provider: "Intel Secure Key RNG"
Apr 21 17:45:20 fbsd kernel: random: unblocking device.
Apr 21 17:45:20 fbsd kernel: ioapic0 <Version 2.0> irqs 0-23
Apr 21 17:45:20 fbsd kernel: Launching APs: 2 1 3
Apr 21 17:45:20 fbsd kernel: Timecounter "TSC-low" frequency 1745994180 Hz quality 1000
Apr 21 17:45:20 fbsd kernel: KTLS: Initialized 4 threads
Apr 21 17:45:20 fbsd kernel: random: entropy device external interface
Apr 21 17:45:20 fbsd kernel: WARNING: Device "kbd" is Giant locked and may be deleted before FreeBSD 14.0.
Apr 21 17:45:20 fbsd kernel: kbd1 at kbdmux0
Apr 21 17:45:20 fbsd kernel: 000.000048 [4354] netmap_init               netmap: loaded module
Apr 21 17:45:20 fbsd kernel: [ath_hal] loaded
Apr 21 17:45:20 fbsd kernel: mlx5en: Mellanox Ethernet driver 3.6.0 (December 2020)
Apr 21 17:45:20 fbsd kernel: nexus0
Apr 21 17:45:20 fbsd kernel: efirtc0: <EFI Realtime Clock>
Apr 21 17:45:20 fbsd kernel: efirtc0: registered as a time-of-day clock, resolution 1.000000s
Apr 21 17:45:20 fbsd kernel: cryptosoft0: <software crypto>
Apr 21 17:45:20 fbsd kernel: aesni0: <AES-CBC,AES-CCM,AES-GCM,AES-ICM,AES-XTS>
Apr 21 17:45:20 fbsd kernel: acpi0: <ALASKA A M I>
Apr 21 17:45:20 fbsd kernel: acpi0: Power Button (fixed)
Apr 21 17:45:20 fbsd kernel: cpu0: <ACPI CPU> on acpi0
Apr 21 17:45:20 fbsd kernel: hpet0: <High Precision Event Timer> iomem 0xfed00000-0xfed003ff on acpi0
Apr 21 17:45:20 fbsd kernel: Timecounter "HPET" frequency 14318180 Hz quality 950
Apr 21 17:45:20 fbsd kernel: Event timer "HPET" frequency 14318180 Hz quality 550
Apr 21 17:45:20 fbsd kernel: Event timer "HPET1" frequency 14318180 Hz quality 440
Apr 21 17:45:20 fbsd kernel: Event timer "HPET2" frequency 14318180 Hz quality 440
Apr 21 17:45:20 fbsd kernel: Event timer "HPET3" frequency 14318180 Hz quality 440
Apr 21 17:45:20 fbsd kernel: Event timer "HPET4" frequency 14318180 Hz quality 440
Apr 21 17:45:20 fbsd kernel: atrtc0: <AT realtime clock> port 0x70-0x77 irq 8 on acpi0
Apr 21 17:45:20 fbsd kernel: atrtc0: Warning: Couldn't map I/O.
Apr 21 17:45:20 fbsd kernel: atrtc0: registered as a time-of-day clock, resolution 1.000000s
Apr 21 17:45:20 fbsd kernel: Event timer "RTC" frequency 32768 Hz quality 0
Apr 21 17:45:20 fbsd kernel: attimer0: <AT timer> port 0x40-0x43,0x50-0x53 irq 0 on acpi0
Apr 21 17:45:20 fbsd kernel: Timecounter "i8254" frequency 1193182 Hz quality 0
Apr 21 17:45:20 fbsd kernel: Event timer "i8254" frequency 1193182 Hz quality 100
Apr 21 17:45:20 fbsd kernel: Timecounter "ACPI-fast" frequency 3579545 Hz quality 900
Apr 21 17:45:20 fbsd kernel: acpi_timer0: <24-bit timer at 3.579545MHz> port 0x1808-0x180b on acpi0
Apr 21 17:45:20 fbsd kernel: pcib0: <ACPI Host-PCI bridge> port 0xcf8-0xcff on acpi0
Apr 21 17:45:20 fbsd kernel: pci0: <ACPI PCI bus> on pcib0
Apr 21 17:45:20 fbsd kernel: vgapci0: <VGA-compatible display> port 0xf000-0xf03f mem 0xf7800000-0xf7bfffff,0xe0000000-0xefffffff irq 16 at device 2.0 on pci0
Apr 21 17:45:20 fbsd kernel: vgapci0: Boot video device
Apr 21 17:45:20 fbsd kernel: hdac0: <Intel Haswell HDA Controller> mem 0xf7e14000-0xf7e17fff irq 16 at device 3.0 on pci0
Apr 21 17:45:20 fbsd kernel: xhci0: <Intel Lynx Point USB 3.0 controller> mem 0xf7e00000-0xf7e0ffff irq 16 at device 20.0 on pci0
Apr 21 17:45:20 fbsd kernel: xhci0: 32 bytes context size, 64-bit DMA
Apr 21 17:45:20 fbsd kernel: xhci0: Port routing mask set to 0xffffffff
Apr 21 17:45:20 fbsd kernel: usbus0 on xhci0
Apr 21 17:45:20 fbsd kernel: usbus0: 5.0Gbps Super Speed USB v3.0
Apr 21 17:45:20 fbsd kernel: pci0: <simple comms> at device 22.0 (no driver attached)
Apr 21 17:45:20 fbsd kernel: ehci0: <Intel Lynx Point USB 2.0 controller USB-B> mem 0xf7e1c000-0xf7e1c3ff irq 16 at device 26.0 on pci0
Apr 21 17:45:20 fbsd kernel: usbus1: EHCI version 1.0
Apr 21 17:45:20 fbsd kernel: usbus1 on ehci0
Apr 21 17:45:20 fbsd kernel: usbus1: 480Mbps High Speed USB v2.0
Apr 21 17:45:20 fbsd kernel: hdac1: <Intel Lynx Point HDA Controller> mem 0xf7e10000-0xf7e13fff irq 22 at device 27.0 on pci0
Apr 21 17:45:20 fbsd kernel: pcib1: <ACPI PCI-PCI bridge> irq 16 at device 28.0 on pci0
Apr 21 17:45:20 fbsd kernel: pci1: <ACPI PCI bus> on pcib1
Apr 21 17:45:20 fbsd kernel: ppt0 mem 0xf7d00000-0xf7d00fff irq 16 at device 0.0 on pci1
Apr 21 17:45:20 fbsd kernel: pcib2: <ACPI PCI-PCI bridge> irq 18 at device 28.2 on pci0
Apr 21 17:45:20 fbsd kernel: pci2: <ACPI PCI bus> on pcib2
Apr 21 17:45:20 fbsd kernel: re0: <RealTek 8168/8111 B/C/CP/D/DP/E/F/G PCIe Gigabit Ethernet> port 0xe000-0xe0ff mem 0xf7c00000-0xf7c00fff,0xf0000000-0xf0003fff irq 18 at device 0.0 on pci2
Apr 21 17:45:20 fbsd kernel: re0: Using 1 MSI-X message
Apr 21 17:45:20 fbsd kernel: re0: Chip rev. 0x4c000000
Apr 21 17:45:20 fbsd kernel: re0: MAC rev. 0x00000000
Apr 21 17:45:20 fbsd kernel: miibus0: <MII bus> on re0
Apr 21 17:45:20 fbsd kernel: rgephy0: <RTL8251/8153 1000BASE-T media interface> PHY 1 on miibus0
Apr 21 17:45:20 fbsd kernel: rgephy0:  none, 10baseT, 10baseT-FDX, 10baseT-FDX-flow, 100baseTX, 100baseTX-FDX, 100baseTX-FDX-flow, 1000baseT-FDX, 1000baseT-FDX-master, 1000baseT-FDX-flow, 1000baseT-FDX-flow-master, auto, auto-flow
Apr 21 17:45:20 fbsd kernel: re0: Using defaults for TSO: 65518/35/2048
Apr 21 17:45:20 fbsd kernel: re0: Ethernet address: 40:8d:5c:35:68:2a
Apr 21 17:45:20 fbsd kernel: re0: netmap queues/slots: TX 1/256, RX 1/256
Apr 21 17:45:20 fbsd kernel: pcib3: <ACPI PCI-PCI bridge> irq 19 at device 28.3 on pci0
Apr 21 17:45:20 fbsd kernel: pci3: <ACPI PCI bus> on pcib3
Apr 21 17:45:20 fbsd kernel: pcib4: <ACPI PCI-PCI bridge> irq 19 at device 0.0 on pci3
Apr 21 17:45:20 fbsd kernel: pci4: <ACPI PCI bus> on pcib4
Apr 21 17:45:20 fbsd kernel: ehci1: <Intel Lynx Point USB 2.0 controller USB-A> mem 0xf7e1b000-0xf7e1b3ff irq 23 at device 29.0 on pci0
Apr 21 17:45:20 fbsd kernel: usbus2: EHCI version 1.0
Apr 21 17:45:20 fbsd kernel: usbus2 on ehci1
Apr 21 17:45:20 fbsd kernel: usbus2: 480Mbps High Speed USB v2.0
Apr 21 17:45:20 fbsd kernel: isab0: <PCI-ISA bridge> at device 31.0 on pci0
Apr 21 17:45:20 fbsd kernel: isa0: <ISA bus> on isab0
Apr 21 17:45:20 fbsd kernel: ahci0: <Intel Lynx Point AHCI SATA controller> port 0xf0b0-0xf0b7,0xf0a0-0xf0a3,0xf090-0xf097,0xf080-0xf083,0xf060-0xf07f mem 0xf7e1a000-0xf7e1a7ff irq 19 at device 31.2 on pci0
Apr 21 17:45:20 fbsd kernel: ahci0: AHCI v1.30 with 6 6Gbps ports, Port Multiplier not supported
Apr 21 17:45:20 fbsd kernel: ahcich0: <AHCI channel> at channel 0 on ahci0
Apr 21 17:45:20 fbsd kernel: ahcich1: <AHCI channel> at channel 1 on ahci0
Apr 21 17:45:20 fbsd kernel: ahcich2: <AHCI channel> at channel 2 on ahci0
Apr 21 17:45:20 fbsd kernel: ahcich3: <AHCI channel> at channel 3 on ahci0
Apr 21 17:45:20 fbsd kernel: ahcich4: <AHCI channel> at channel 4 on ahci0
Apr 21 17:45:20 fbsd kernel: ahciem0: <AHCI enclosure management bridge> on ahci0
Apr 21 17:45:20 fbsd kernel: acpi_button0: <Power Button> on acpi0
Apr 21 17:45:20 fbsd kernel: acpi_tz0: <Thermal Zone> on acpi0
Apr 21 17:45:20 fbsd kernel: acpi_tz1: <Thermal Zone> on acpi0
Apr 21 17:45:20 fbsd kernel: uart0: <16550 or compatible> port 0x3f8-0x3ff irq 4 flags 0x10 on acpi0
Apr 21 17:45:20 fbsd kernel: ppc1: <Parallel port> port 0x378-0x37f irq 5 on acpi0
Apr 21 17:45:20 fbsd kernel: ppc1: Generic chipset (NIBBLE-only) in COMPATIBLE mode
Apr 21 17:45:20 fbsd kernel: ppbus0: <Parallel port bus> on ppc1
Apr 21 17:45:20 fbsd kernel: lpt0: <Printer> on ppbus0
Apr 21 17:45:20 fbsd kernel: lpt0: Interrupt-driven port
Apr 21 17:45:20 fbsd kernel: ppi0: <Parallel I/O> on ppbus0
Apr 21 17:45:20 fbsd kernel: atkbdc0: <Keyboard controller (i8042)> at port 0x60,0x64 on isa0
Apr 21 17:45:20 fbsd kernel: atkbd0: <AT Keyboard> irq 1 on atkbdc0
Apr 21 17:45:20 fbsd kernel: kbd0 at atkbd0
Apr 21 17:45:20 fbsd kernel: atkbd0: [GIANT-LOCKED]
Apr 21 17:45:20 fbsd kernel: atkbdc0: non-PNP ISA device will be removed from GENERIC in FreeBSD 14.
Apr 21 17:45:20 fbsd kernel: est0: <Enhanced SpeedStep Frequency Control> on cpu0
Apr 21 17:45:20 fbsd kernel: module_register_init: MOD_LOAD (tmpfs, 0xffffffff80cd5780, 0xffffffff82d44b40) error 17
Apr 21 17:45:20 fbsd kernel: Timecounters tick every 1.000 msec
Apr 21 17:45:20 fbsd kernel: ZFS filesystem version: 5
Apr 21 17:45:20 fbsd kernel: ZFS storage pool version: features support (5000)
Apr 21 17:45:20 fbsd kernel: hdacc0: <Intel Haswell HDA CODEC> at cad 0 on hdac0
Apr 21 17:45:20 fbsd kernel: hdaa0: <Intel Haswell Audio Function Group> at nid 1 on hdacc0
Apr 21 17:45:20 fbsd kernel: pcm0: <Intel Haswell (HDMI/DP 8ch)> at nid 3 on hdaa0
Apr 21 17:45:20 fbsd kernel: hdacc1: <Realtek ALC892 HDA CODEC> at cad 2 on hdac1
Apr 21 17:45:20 fbsd kernel: hdaa1: <Realtek ALC892 Audio Function Group> at nid 1 on hdacc1
Apr 21 17:45:20 fbsd kernel: pcm1: <Realtek ALC892 (Rear Analog 7.1/2.0)> at nid 20,22,21,23 and 24,26 on hdaa1
Apr 21 17:45:20 fbsd kernel: pcm2: <Realtek ALC892 (Front Analog)> at nid 27 and 25 on hdaa1
Apr 21 17:45:20 fbsd kernel: pcm3: <Realtek ALC892 (Digital)> at nid 17 and 31 on hdaa1
Apr 21 17:45:20 fbsd kernel: sysctl_unregister_oid: failed(22) to unregister sysctl(tmpfs)
Apr 21 17:45:20 fbsd kernel: Trying to mount root from zfs:zroot/ROOT/default []...
Apr 21 17:45:20 fbsd kernel: Root mount waiting for: usbus0 usbus1 usbus2 CAM
Apr 21 17:45:20 fbsd kernel: ugen2.1: <Intel EHCI root HUB> at usbus2
Apr 21 17:45:20 fbsd kernel: ugen0.1: <0x8086 XHCI root HUB> at usbus0
Apr 21 17:45:20 fbsd kernel: uhub0 on usbus2
Apr 21 17:45:20 fbsd kernel: uhub0: <Intel EHCI root HUB, class 9/0, rev 2.00/1.00, addr 1> on usbus2
Apr 21 17:45:20 fbsd kernel: uhub1 on usbus0
Apr 21 17:45:20 fbsd kernel: uhub1: <0x8086 XHCI root HUB, class 9/0, rev 3.00/1.00, addr 1> on usbus0
Apr 21 17:45:20 fbsd kernel: ugen1.1: <Intel EHCI root HUB> at usbus1
Apr 21 17:45:20 fbsd kernel: uhub2 on usbus1
Apr 21 17:45:20 fbsd kernel: uhub2: <Intel EHCI root HUB, class 9/0, rev 2.00/1.00, addr 1> on usbus1
Apr 21 17:45:20 fbsd kernel: ses0 at ahciem0 bus 0 scbus5 target 0 lun 0
Apr 21 17:45:20 fbsd kernel: ses0: <AHCI SGPIO Enclosure 2.00 0001> SEMB S-E-S 2.00 device
Apr 21 17:45:20 fbsd kernel: ses0: SEMB SES Device
Apr 21 17:45:20 fbsd kernel: ada0 at ahcich0 bus 0 scbus0 target 0 lun 0
Apr 21 17:45:20 fbsd kernel: ada0: <KINGSTON SA400S37240G SBFKJ4.3> ACS-3 ATA SATA 3.x device
Apr 21 17:45:20 fbsd kernel: ada0: Serial Number 50026B7380B31283
Apr 21 17:45:20 fbsd kernel: ada0: 600.000MB/s transfers (SATA 3.x, UDMA6, PIO 512bytes)
Apr 21 17:45:20 fbsd kernel: ada0: Command Queueing enabled
Apr 21 17:45:20 fbsd kernel: ada0: 228936MB (468862128 512 byte sectors)
Apr 21 17:45:20 fbsd kernel: ada1 at ahcich1 bus 0 scbus1 target 0 lun 0
Apr 21 17:45:20 fbsd kernel: ada1: <PPSS25-R 256GB AP613PE0> ACS-4 ATA SATA 3.x device
Apr 21 17:45:20 fbsd kernel: ada1: Serial Number 142026150467
Apr 21 17:45:20 fbsd kernel: ada1: 600.000MB/s transfers (SATA 3.x, UDMA6, PIO 8192bytes)
Apr 21 17:45:20 fbsd kernel: ada1: Command Queueing enabled
Apr 21 17:45:20 fbsd kernel: ada1: 244198MB (500118192 512 byte sectors)
Apr 21 17:45:20 fbsd kernel: ses0: pass0,ada0 in 'Slot 00', SATA Slot: scbus0 target 0
Apr 21 17:45:20 fbsd kernel: ses0: pass1,ada1 in 'Slot 01', SATA Slot: scbus1 target 0
Apr 21 17:45:20 fbsd kernel: ada2 at ahcich2 bus 0 scbus2 target 0 lun 0
Apr 21 17:45:20 fbsd kernel: ada2: <ADATA SU630 P190710b> ACS-2 ATA SATA 3.x device
Apr 21 17:45:20 fbsd kernel: ada2: Serial Number 2J4920164502
Apr 21 17:45:20 fbsd kernel: ada2: 600.000MB/s transfers (SATA 3.x, UDMA6, PIO 8192bytes)
Apr 21 17:45:20 fbsd kernel: ada2: Command Queueing enabled
Apr 21 17:45:20 fbsd kernel: ada2: 228936MB (468862128 512 byte sectors)
Apr 21 17:45:20 fbsd kernel: ada3 at ahcich3 bus 0 scbus3 target 0 lun 0
Apr 21 17:45:20 fbsd kernel: ada3: <PPSS25-R 256GB AP613PE0> ACS-4 ATA SATA 3.x device
Apr 21 17:45:20 fbsd kernel: ada3: Serial Number 142026150468
Apr 21 17:45:20 fbsd kernel: ada3: 600.000MB/s transfers (SATA 3.x, UDMA6, PIO 8192bytes)
Apr 21 17:45:20 fbsd kernel: ada3: Command Queueing enabled
Apr 21 17:45:20 fbsd kernel: ada3: 244198MB (500118192 512 byte sectors)
Apr 21 17:45:20 fbsd kernel: ses0: pass2,ada2 in 'Slot 02', SATA Slot: scbus2 target 0
Apr 21 17:45:20 fbsd kernel: ses0: pass3,ada3 in 'Slot 03', SATA Slot: scbus3 target 0
Apr 21 17:45:20 fbsd kernel: ada4 at ahcich4 bus 0 scbus4 target 0 lun 0
Apr 21 17:45:20 fbsd kernel: ada4: <WDC WD3200KS-00PFB0 21.00M21> ATA-7 SATA 2.x device
Apr 21 17:45:20 fbsd kernel: ada4: Serial Number WD-WCAPD1628159
Apr 21 17:45:20 fbsd kernel: ada4: 300.000MB/s transfers (SATA 2.x, UDMA6, PIO 8192bytes)
Apr 21 17:45:20 fbsd kernel: ada4: Command Queueing enabled
Apr 21 17:45:20 fbsd kernel: ada4: 305245MB (625142448 512 byte sectors)
Apr 21 17:45:20 fbsd kernel: ses0: pass4,ada4 in 'Slot 04', SATA Slot: scbus4 target 0
Apr 21 17:45:20 fbsd kernel: uhub0: 2 ports with 2 removable, self powered
Apr 21 17:45:20 fbsd kernel: uhub2: 2 ports with 2 removable, self powered
Apr 21 17:45:20 fbsd kernel: uhub1: 21 ports with 21 removable, self powered
Apr 21 17:45:20 fbsd kernel: Root mount waiting for: usbus0 usbus1 usbus2
Apr 21 17:45:20 fbsd kernel: ugen0.2: <Logitech Gaming Mouse G502> at usbus0
Apr 21 17:45:20 fbsd kernel: usbhid0 on uhub1
Apr 21 17:45:20 fbsd kernel: usbhid0: <Logitech Gaming Mouse G502, class 0/0, rev 2.00/88.02, addr 1> on usbus0
Apr 21 17:45:20 fbsd kernel: hidbus0: <HID bus> on usbhid0
Apr 21 17:45:20 fbsd kernel: ukbd0 on uhub1
Apr 21 17:45:20 fbsd kernel: ukbd0: <Logitech Gaming Mouse G502, class 0/0, rev 2.00/88.02, addr 1> on usbus0
Apr 21 17:45:20 fbsd kernel: kbd2 at ukbd0
Apr 21 17:45:20 fbsd kernel: ugen2.2: <vendor 0x8087 product 0x8000> at usbus2
Apr 21 17:45:20 fbsd kernel: uhub3 on uhub0
Apr 21 17:45:20 fbsd kernel: uhub3: <vendor 0x8087 product 0x8000, class 9/0, rev 2.00/0.05, addr 2> on usbus2
Apr 21 17:45:20 fbsd kernel: ugen1.2: <vendor 0x8087 product 0x8008> at usbus1
Apr 21 17:45:20 fbsd kernel: uhub4 on uhub2
Apr 21 17:45:20 fbsd kernel: uhub4: <vendor 0x8087 product 0x8008, class 9/0, rev 2.00/0.05, addr 2> on usbus1
Apr 21 17:45:20 fbsd kernel: uhub3: 6 ports with 6 removable, self powered
Apr 21 17:45:20 fbsd kernel: uhub4: 6 ports with 6 removable, self powered
Apr 21 17:45:20 fbsd kernel: ugen0.3: <vendor 0x046d product 0x081b> at usbus0
Apr 21 17:45:20 fbsd kernel: Root mount waiting for: usbus0
Apr 21 17:45:20 fbsd kernel: ugen0.4: <Logitech USB Receiver> at usbus0
Apr 21 17:45:20 fbsd kernel: ukbd1 on uhub1
Apr 21 17:45:20 fbsd kernel: ukbd1: <Logitech USB Receiver, class 0/0, rev 2.00/12.09, addr 3> on usbus0
Apr 21 17:45:20 fbsd kernel: kbd3 at ukbd1
Apr 21 17:45:20 fbsd kernel: usbhid1 on uhub1
Apr 21 17:45:20 fbsd kernel: usbhid1: <Logitech USB Receiver, class 0/0, rev 2.00/12.09, addr 3> on usbus0
Apr 21 17:45:20 fbsd kernel: hidbus1: <HID bus> on usbhid1
Apr 21 17:45:20 fbsd kernel: usbhid2 on uhub1
Apr 21 17:45:20 fbsd kernel: usbhid2: <Logitech USB Receiver, class 0/0, rev 2.00/12.09, addr 3> on usbus0
Apr 21 17:45:20 fbsd kernel: hidbus2: <HID bus> on usbhid2
Apr 21 17:45:20 fbsd kernel: GEOM_ELI: Device ada2.eli created.
Apr 21 17:45:20 fbsd kernel: GEOM_ELI: Encryption: AES-XTS 128
Apr 21 17:45:20 fbsd kernel: GEOM_ELI:     Crypto: accelerated software
Apr 21 17:45:20 fbsd kernel: GEOM_ELI: Device ada3.eli created.
Apr 21 17:45:20 fbsd kernel: GEOM_ELI: Encryption: AES-XTS 128
Apr 21 17:45:20 fbsd kernel: GEOM_ELI:     Crypto: accelerated software
Apr 21 17:45:20 fbsd kernel: GEOM_ELI: Device ada0p2.eli created.
Apr 21 17:45:20 fbsd kernel: GEOM_ELI: Encryption: AES-XTS 128
Apr 21 17:45:20 fbsd kernel: GEOM_ELI:     Crypto: accelerated software
Apr 21 17:45:20 fbsd kernel: GEOM_ELI: Device ada1p2.eli created.
Apr 21 17:45:20 fbsd kernel: GEOM_ELI: Encryption: AES-XTS 128
Apr 21 17:45:20 fbsd kernel: GEOM_ELI:     Crypto: accelerated software
Apr 21 17:45:20 fbsd kernel: drmn0: <drmn> on vgapci0
Apr 21 17:45:20 fbsd kernel: vgapci0: child drmn0 requested pci_enable_io
Apr 21 17:45:20 fbsd syslogd: last message repeated 1 times
Apr 21 17:45:20 fbsd kernel: [drm] Unable to create a private tmpfs mount, hugepage support will be disabled(-19).
Apr 21 17:45:20 fbsd kernel: Failed to add WC MTRR for [0xe0000000-0xefffffff]: -22; performance may suffer
Apr 21 17:45:20 fbsd kernel: [drm] Got stolen memory base 0x9fa00000, size 0x22000000
Apr 21 17:45:20 fbsd kernel: [drm ERROR :i915_gem_init_stolen] Stolen reserved area 0xfffffe0109ddea10R outside stolen memory 0xfffffe0109dde9f8R
Apr 21 17:45:20 fbsd kernel: [drm] Supports vblank timestamp caching Rev 2 (21.10.2013).
Apr 21 17:45:20 fbsd kernel: [drm] Driver supports precise vblank timestamp query.
Apr 21 17:45:20 fbsd kernel: [drm] Connector VGA-1: get mode from tunables:
Apr 21 17:45:20 fbsd kernel: [drm]   - kern.vt.fb.modes.VGA-1
Apr 21 17:45:20 fbsd kernel: [drm]   - kern.vt.fb.default_mode
Apr 21 17:45:20 fbsd kernel: [drm] Connector HDMI-A-1: get mode from tunables:
Apr 21 17:45:20 fbsd kernel: [drm]   - kern.vt.fb.modes.HDMI-A-1
Apr 21 17:45:20 fbsd kernel: [drm]   - kern.vt.fb.default_mode
Apr 21 17:45:20 fbsd kernel: [drm] Connector HDMI-A-2: get mode from tunables:
Apr 21 17:45:20 fbsd kernel: [drm]   - kern.vt.fb.modes.HDMI-A-2
Apr 21 17:45:20 fbsd kernel: [drm]   - kern.vt.fb.default_mode
Apr 21 17:45:20 fbsd kernel: sysctl_warn_reuse: can't re-use a leaf (hw.dri.debug)!
Apr 21 17:45:20 fbsd kernel: [drm] Initialized i915 1.6.0 20190822 for drmn0 on minor 0
Apr 21 17:45:20 fbsd kernel: WARNING: Device "fb" is Giant locked and may be deleted before FreeBSD 14.0.
Apr 21 17:45:20 fbsd kernel: VT: Replacing driver "efifb" with new "fb".
Apr 21 17:45:20 fbsd kernel: start FB_INFO:
Apr 21 17:45:20 fbsd kernel: type=11 height=1050 width=1680 depth=32
Apr 21 17:45:20 fbsd kernel: cmsize=16 size=8294400
Apr 21 17:45:20 fbsd kernel: pbase=0xe0009000 vbase=0xfffff800e0009000
Apr 21 17:45:20 fbsd kernel: name=drmn0 flags=0x0 stride=7680 bpp=32
Apr 21 17:45:20 fbsd kernel: cmap[0]=0 cmap[1]=7f0000 cmap[2]=7f00 cmap[3]=c4a000
Apr 21 17:45:20 fbsd kernel: end FB_INFO
Apr 21 17:45:20 fbsd kernel: drmn0: fb0: i915drmfb frame buffer device
Apr 21 17:45:20 fbsd kernel: Cuse v0.1.36 @ /dev/cuse
Apr 21 17:45:20 fbsd kernel: coretemp0: <CPU On-Die Thermal Sensors> on cpu0
Apr 21 17:45:20 fbsd kernel: ichsmb0: <Intel Lynx Point SMBus controller> port 0xf040-0xf05f mem 0xf7e19000-0xf7e190ff irq 18 at device 31.3 on pci0
Apr 21 17:45:20 fbsd kernel: smbus0: <System Management Bus> on ichsmb0
Apr 21 17:45:20 fbsd kernel: hms0: <Logitech Gaming Mouse G502> on hidbus0
Apr 21 17:45:20 fbsd kernel: hms0: 16 buttons and [XYWH] coordinates ID=0
Apr 21 17:45:20 fbsd kernel: hms1: <Logitech USB Receiver Mouse> on hidbus1
Apr 21 17:45:20 fbsd kernel: hms1: 16 buttons and [XYWH] coordinates ID=2
Apr 21 17:45:20 fbsd kernel: hcons0: <Logitech USB Receiver Consumer Control> on hidbus1
Apr 21 17:45:20 fbsd kernel: hsctrl0: <Logitech USB Receiver System Control> on hidbus1
Apr 21 17:45:20 fbsd kernel: lo0: link state changed to UP
Apr 21 17:45:20 fbsd kernel: re0: link state changed to DOWN
Apr 21 17:45:20 fbsd kernel: uaudio0 on uhub1
Apr 21 17:45:20 fbsd kernel: uaudio0: <vendor 0x046d product 0x081b, class 239/2, rev 2.00/0.12, addr 2> on usbus0
Apr 21 17:45:20 fbsd kernel: uaudio0: No playback.
Apr 21 17:45:20 fbsd kernel: uaudio0: Record[0]: 48000 Hz, 1 ch, 16-bit S-LE PCM format, 2x8ms buffer.
Apr 21 17:45:20 fbsd kernel: uaudio0: Record[0]: 32000 Hz, 1 ch, 16-bit S-LE PCM format, 2x8ms buffer.
Apr 21 17:45:20 fbsd kernel: uaudio0: Record[0]: 24000 Hz, 1 ch, 16-bit S-LE PCM format, 2x8ms buffer.
Apr 21 17:45:20 fbsd kernel: uaudio0: Record[0]: 16000 Hz, 1 ch, 16-bit S-LE PCM format, 2x8ms buffer.
Apr 21 17:45:20 fbsd kernel: uaudio0: No MIDI sequencer.
Apr 21 17:45:20 fbsd kernel: pcm4: <USB audio> on uaudio0
Apr 21 17:45:20 fbsd kernel: uaudio0: No HID volume keys found.
Apr 21 17:45:20 fbsd kernel: re0: link state changed to UP
Apr 21 17:45:20 fbsd kernel: ipfw2 (+ipv6) initialized, divert loadable, nat loadable, default to deny, logging disabled
Apr 21 17:45:20 fbsd kernel: bridge0: Ethernet address: 58:9c:fc:10:43:59
Apr 21 17:45:20 fbsd kernel: bridge0: changing name to 'vm-public'
Apr 21 17:45:20 fbsd kernel: re0: promiscuous mode enabled
Apr 21 17:45:20 fbsd kernel: vm-public: link state changed to UP
Apr 21 17:45:20 fbsd ntpd[84126]: ntpd 4.2.8p15-a (1): Starting
Apr 21 17:45:20 fbsd kernel: Security policy loaded: MAC/ntpd (mac_ntpd)
Apr 21 17:45:20 fbsd ntpd[84126]: Command line: /usr/sbin/ntpd -p /var/db/ntp/ntpd.pid -c /etc/ntp.conf -f /var/db/ntp/ntpd.drift
Apr 21 17:45:20 fbsd ntpd[84126]: ----------------------------------------------------
Apr 21 17:45:20 fbsd ntpd[84126]: ntp-4 is maintained by Network Time Foundation,
Apr 21 17:45:20 fbsd ntpd[84126]: Inc. (NTF), a non-profit 501(c)(3) public-benefit
Apr 21 17:45:20 fbsd ntpd[84126]: corporation.  Support and training for ntp-4 are
Apr 21 17:45:20 fbsd ntpd[84126]: available at https://www.nwtime.org/support
Apr 21 17:45:20 fbsd ntpd[84126]: ----------------------------------------------------
Apr 21 17:45:20 fbsd ntpd[84537]: leapsecond file ('/var/db/ntpd.leap-seconds.list'): good hash signature
Apr 21 17:45:20 fbsd ntpd[84537]: leapsecond file ('/var/db/ntpd.leap-seconds.list'): loaded, expire=2020-12-28T00:00:00Z last=2017-01-01T00:00:00Z ofs=37
Apr 21 17:45:20 fbsd ntpd[84537]: leapsecond file ('/var/db/ntpd.leap-seconds.list'): expired 115 days ago
Apr 21 17:45:42 fbsd login[4038]: ROOT LOGIN (root) ON ttyv0
Apr 21 17:46:17 fbsd kernel: drmn0: GPU HANG: ecode 7:1:0xadc7ecdb, in MainThread [101297], hang on rcs0
Apr 21 17:46:17 fbsd kernel: drmn0: Resetting chip for hang on rcs0
Apr 21 17:46:17 fbsd syslogd: last message repeated 1 times
Apr 21 17:46:17 fbsd kernel: Asynchronous wait on fence i915:Xorg[101297]:8 timed out (hint:0xffffffff8326cc90S)
Apr 21 17:46:17 fbsd syslogd: last message repeated 1 times
Apr 21 17:46:21 fbsd kernel: drmn0: Resetting chip for hang on rcs0
Apr 21 17:47:56 fbsd syslogd: kernel boot file is /boot/kernel/kernel
Apr 21 17:47:56 fbsd kernel: ---<<BOOT>>---
Apr 21 17:47:56 fbsd kernel: Copyright (c) 1992-2021 The FreeBSD Project.
Apr 21 17:47:56 fbsd kernel: Copyright (c) 1979, 1980, 1983, 1986, 1988, 1989, 1991, 1992, 1993, 1994
Apr 21 17:47:56 fbsd kernel: 	The Regents of the University of California. All rights reserved.
Apr 21 17:47:56 fbsd kernel: FreeBSD is a registered trademark of The FreeBSD Foundation.
Apr 21 17:47:56 fbsd kernel: FreeBSD 13.0-RELEASE #0 releng/13.0-n244733-ea31abc261f: Fri Apr  9 04:24:09 UTC 2021
Apr 21 17:47:56 fbsd kernel:     root@releng1.nyi.freebsd.org:/usr/obj/usr/src/amd64.amd64/sys/GENERIC amd64
Apr 21 17:47:56 fbsd kernel: FreeBSD clang version 11.0.1 (git@github.com:llvm/llvm-project.git llvmorg-11.0.1-0-g43ff75f2c3fe)
Apr 21 17:47:56 fbsd kernel: VT(efifb): resolution 1024x768
Apr 21 17:47:56 fbsd kernel: module_register: cannot register tmpfs from kernel; already loaded from tmpfs.ko
Apr 21 17:47:56 fbsd kernel: Module tmpfs failed to register: 17
Apr 21 17:47:56 fbsd kernel: CPU: Intel(R) Core(TM) i5-4690 CPU @ 3.50GHz (3491.98-MHz K8-class CPU)
Apr 21 17:47:56 fbsd kernel:   Origin="GenuineIntel"  Id=0x306c3  Family=0x6  Model=0x3c  Stepping=3
Apr 21 17:47:56 fbsd kernel:   Features=0xbfebfbff<FPU,VME,DE,PSE,TSC,MSR,PAE,MCE,CX8,APIC,SEP,MTRR,PGE,MCA,CMOV,PAT,PSE36,CLFLUSH,DTS,ACPI,MMX,FXSR,SSE,SSE2,SS,HTT,TM,PBE>
Apr 21 17:47:56 fbsd kernel:   Features2=0x7ffafbff<SSE3,PCLMULQDQ,DTES64,MON,DS_CPL,VMX,SMX,EST,TM2,SSSE3,SDBG,FMA,CX16,xTPR,PDCM,PCID,SSE4.1,SSE4.2,x2APIC,MOVBE,POPCNT,TSCDLT,AESNI,XSAVE,OSXSAVE,AVX,F16C,RDRAND>
Apr 21 17:47:56 fbsd kernel:   AMD Features=0x2c100800<SYSCALL,NX,Page1GB,RDTSCP,LM>
Apr 21 17:47:56 fbsd kernel:   AMD Features2=0x21<LAHF,ABM>
Apr 21 17:47:56 fbsd kernel:   Structured Extended Features=0x2fbb<FSGSBASE,TSCADJ,BMI1,HLE,AVX2,SMEP,BMI2,ERMS,INVPCID,RTM,NFPUSG>
Apr 21 17:47:56 fbsd kernel:   XSAVE Features=0x1<XSAVEOPT>
Apr 21 17:47:56 fbsd kernel:   VT-x: PAT,HLT,MTF,PAUSE,EPT,UG,VPID
Apr 21 17:47:56 fbsd kernel:   TSC: P-state invariant, performance statistics
Apr 21 17:47:56 fbsd kernel: real memory  = 17179869184 (16384 MB)
Apr 21 17:47:56 fbsd kernel: avail memory = 15511560192 (14792 MB)
Apr 21 17:47:56 fbsd kernel: Event timer "LAPIC" quality 600
Apr 21 17:47:56 fbsd kernel: ACPI APIC Table: <ALASKA A M I>
Apr 21 17:47:56 fbsd kernel: FreeBSD/SMP: Multiprocessor System Detected: 4 CPUs
Apr 21 17:47:56 fbsd kernel: FreeBSD/SMP: 1 package(s) x 4 core(s)
Apr 21 17:47:56 fbsd kernel: random: registering fast source Intel Secure Key RNG
Apr 21 17:47:56 fbsd kernel: random: fast provider: "Intel Secure Key RNG"
Apr 21 17:47:56 fbsd kernel: random: unblocking device.
Apr 21 17:47:56 fbsd kernel: ioapic0 <Version 2.0> irqs 0-23
Apr 21 17:47:56 fbsd kernel: Launching APs: 2 1 3
Apr 21 17:47:56 fbsd kernel: Timecounter "TSC-low" frequency 1745989348 Hz quality 1000
Apr 21 17:47:56 fbsd kernel: KTLS: Initialized 4 threads
Apr 21 17:47:56 fbsd kernel: random: entropy device external interface
Apr 21 17:47:56 fbsd kernel: WARNING: Device "kbd" is Giant locked and may be deleted before FreeBSD 14.0.
Apr 21 17:47:56 fbsd kernel: kbd1 at kbdmux0
Apr 21 17:47:56 fbsd kernel: 000.000048 [4354] netmap_init               netmap: loaded module
Apr 21 17:47:56 fbsd kernel: [ath_hal] loaded
Apr 21 17:47:56 fbsd kernel: mlx5en: Mellanox Ethernet driver 3.6.0 (December 2020)
Apr 21 17:47:56 fbsd kernel: nexus0
Apr 21 17:47:56 fbsd kernel: efirtc0: <EFI Realtime Clock>
Apr 21 17:47:56 fbsd kernel: efirtc0: registered as a time-of-day clock, resolution 1.000000s
Apr 21 17:47:56 fbsd kernel: cryptosoft0: <software crypto>
Apr 21 17:47:56 fbsd kernel: aesni0: <AES-CBC,AES-CCM,AES-GCM,AES-ICM,AES-XTS>
Apr 21 17:47:56 fbsd kernel: acpi0: <ALASKA A M I>
Apr 21 17:47:56 fbsd kernel: acpi0: Power Button (fixed)
Apr 21 17:47:56 fbsd kernel: cpu0: <ACPI CPU> on acpi0
Apr 21 17:47:56 fbsd kernel: hpet0: <High Precision Event Timer> iomem 0xfed00000-0xfed003ff on acpi0
Apr 21 17:47:56 fbsd kernel: Timecounter "HPET" frequency 14318180 Hz quality 950
Apr 21 17:47:56 fbsd kernel: Event timer "HPET" frequency 14318180 Hz quality 550
Apr 21 17:47:56 fbsd kernel: Event timer "HPET1" frequency 14318180 Hz quality 440
Apr 21 17:47:56 fbsd kernel: Event timer "HPET2" frequency 14318180 Hz quality 440
Apr 21 17:47:56 fbsd kernel: Event timer "HPET3" frequency 14318180 Hz quality 440
Apr 21 17:47:56 fbsd kernel: Event timer "HPET4" frequency 14318180 Hz quality 440
Apr 21 17:47:56 fbsd kernel: atrtc0: <AT realtime clock> port 0x70-0x77 irq 8 on acpi0
Apr 21 17:47:56 fbsd kernel: atrtc0: Warning: Couldn't map I/O.
Apr 21 17:47:56 fbsd kernel: atrtc0: registered as a time-of-day clock, resolution 1.000000s
Apr 21 17:47:56 fbsd kernel: Event timer "RTC" frequency 32768 Hz quality 0
Apr 21 17:47:56 fbsd kernel: attimer0: <AT timer> port 0x40-0x43,0x50-0x53 irq 0 on acpi0
Apr 21 17:47:56 fbsd kernel: Timecounter "i8254" frequency 1193182 Hz quality 0
Apr 21 17:47:56 fbsd kernel: Event timer "i8254" frequency 1193182 Hz quality 100
Apr 21 17:47:56 fbsd kernel: Timecounter "ACPI-fast" frequency 3579545 Hz quality 900
Apr 21 17:47:56 fbsd kernel: acpi_timer0: <24-bit timer at 3.579545MHz> port 0x1808-0x180b on acpi0
Apr 21 17:47:56 fbsd kernel: pcib0: <ACPI Host-PCI bridge> port 0xcf8-0xcff on acpi0
Apr 21 17:47:56 fbsd kernel: pci0: <ACPI PCI bus> on pcib0
Apr 21 17:47:56 fbsd kernel: vgapci0: <VGA-compatible display> port 0xf000-0xf03f mem 0xf7800000-0xf7bfffff,0xe0000000-0xefffffff irq 16 at device 2.0 on pci0
Apr 21 17:47:56 fbsd kernel: vgapci0: Boot video device
Apr 21 17:47:56 fbsd kernel: hdac0: <Intel Haswell HDA Controller> mem 0xf7e14000-0xf7e17fff irq 16 at device 3.0 on pci0
Apr 21 17:47:56 fbsd kernel: xhci0: <Intel Lynx Point USB 3.0 controller> mem 0xf7e00000-0xf7e0ffff irq 16 at device 20.0 on pci0
Apr 21 17:47:56 fbsd kernel: xhci0: 32 bytes context size, 64-bit DMA
Apr 21 17:47:56 fbsd kernel: xhci0: Port routing mask set to 0xffffffff
Apr 21 17:47:56 fbsd kernel: usbus0 on xhci0
Apr 21 17:47:56 fbsd kernel: usbus0: 5.0Gbps Super Speed USB v3.0
Apr 21 17:47:56 fbsd kernel: pci0: <simple comms> at device 22.0 (no driver attached)
Apr 21 17:47:56 fbsd kernel: ehci0: <Intel Lynx Point USB 2.0 controller USB-B> mem 0xf7e1c000-0xf7e1c3ff irq 16 at device 26.0 on pci0
Apr 21 17:47:56 fbsd kernel: usbus1: EHCI version 1.0
Apr 21 17:47:56 fbsd kernel: usbus1 on ehci0
Apr 21 17:47:56 fbsd kernel: usbus1: 480Mbps High Speed USB v2.0
Apr 21 17:47:56 fbsd kernel: hdac1: <Intel Lynx Point HDA Controller> mem 0xf7e10000-0xf7e13fff irq 22 at device 27.0 on pci0
Apr 21 17:47:56 fbsd kernel: pcib1: <ACPI PCI-PCI bridge> irq 16 at device 28.0 on pci0
Apr 21 17:47:56 fbsd kernel: pci1: <ACPI PCI bus> on pcib1
Apr 21 17:47:56 fbsd kernel: ppt0 mem 0xf7d00000-0xf7d00fff irq 16 at device 0.0 on pci1
Apr 21 17:47:56 fbsd kernel: pcib2: <ACPI PCI-PCI bridge> irq 18 at device 28.2 on pci0
Apr 21 17:47:56 fbsd kernel: pci2: <ACPI PCI bus> on pcib2
Apr 21 17:47:56 fbsd kernel: re0: <RealTek 8168/8111 B/C/CP/D/DP/E/F/G PCIe Gigabit Ethernet> port 0xe000-0xe0ff mem 0xf7c00000-0xf7c00fff,0xf0000000-0xf0003fff irq 18 at device 0.0 on pci2
Apr 21 17:47:56 fbsd kernel: re0: Using 1 MSI-X message
Apr 21 17:47:56 fbsd kernel: re0: Chip rev. 0x4c000000
Apr 21 17:47:56 fbsd kernel: re0: MAC rev. 0x00000000
Apr 21 17:47:56 fbsd kernel: miibus0: <MII bus> on re0
Apr 21 17:47:56 fbsd kernel: rgephy0: <RTL8251/8153 1000BASE-T media interface> PHY 1 on miibus0
Apr 21 17:47:56 fbsd kernel: rgephy0:  none, 10baseT, 10baseT-FDX, 10baseT-FDX-flow, 100baseTX, 100baseTX-FDX, 100baseTX-FDX-flow, 1000baseT-FDX, 1000baseT-FDX-master, 1000baseT-FDX-flow, 1000baseT-FDX-flow-master, auto, auto-flow
Apr 21 17:47:56 fbsd kernel: re0: Using defaults for TSO: 65518/35/2048
Apr 21 17:47:56 fbsd kernel: re0: Ethernet address: 40:8d:5c:35:68:2a
Apr 21 17:47:56 fbsd kernel: re0: netmap queues/slots: TX 1/256, RX 1/256
Apr 21 17:47:56 fbsd kernel: pcib3: <ACPI PCI-PCI bridge> irq 19 at device 28.3 on pci0
Apr 21 17:47:56 fbsd kernel: pci3: <ACPI PCI bus> on pcib3
Apr 21 17:47:56 fbsd kernel: pcib4: <ACPI PCI-PCI bridge> irq 19 at device 0.0 on pci3
Apr 21 17:47:56 fbsd kernel: pci4: <ACPI PCI bus> on pcib4
Apr 21 17:47:56 fbsd kernel: ehci1: <Intel Lynx Point USB 2.0 controller USB-A> mem 0xf7e1b000-0xf7e1b3ff irq 23 at device 29.0 on pci0
Apr 21 17:47:56 fbsd kernel: usbus2: EHCI version 1.0
Apr 21 17:47:56 fbsd kernel: usbus2 on ehci1
Apr 21 17:47:56 fbsd kernel: usbus2: 480Mbps High Speed USB v2.0
Apr 21 17:47:56 fbsd kernel: isab0: <PCI-ISA bridge> at device 31.0 on pci0
Apr 21 17:47:56 fbsd kernel: isa0: <ISA bus> on isab0
Apr 21 17:47:56 fbsd kernel: ahci0: <Intel Lynx Point AHCI SATA controller> port 0xf0b0-0xf0b7,0xf0a0-0xf0a3,0xf090-0xf097,0xf080-0xf083,0xf060-0xf07f mem 0xf7e1a000-0xf7e1a7ff irq 19 at device 31.2 on pci0
Apr 21 17:47:56 fbsd kernel: ahci0: AHCI v1.30 with 6 6Gbps ports, Port Multiplier not supported
Apr 21 17:47:56 fbsd kernel: ahcich0: <AHCI channel> at channel 0 on ahci0
Apr 21 17:47:56 fbsd kernel: ahcich1: <AHCI channel> at channel 1 on ahci0
Apr 21 17:47:56 fbsd kernel: ahcich2: <AHCI channel> at channel 2 on ahci0
Apr 21 17:47:56 fbsd kernel: ahcich3: <AHCI channel> at channel 3 on ahci0
Apr 21 17:47:56 fbsd kernel: ahcich4: <AHCI channel> at channel 4 on ahci0
Apr 21 17:47:56 fbsd kernel: ahciem0: <AHCI enclosure management bridge> on ahci0
Apr 21 17:47:56 fbsd kernel: acpi_button0: <Power Button> on acpi0
Apr 21 17:47:56 fbsd kernel: acpi_tz0: <Thermal Zone> on acpi0
Apr 21 17:47:56 fbsd kernel: acpi_tz1: <Thermal Zone> on acpi0
Apr 21 17:47:56 fbsd kernel: uart0: <16550 or compatible> port 0x3f8-0x3ff irq 4 flags 0x10 on acpi0
Apr 21 17:47:56 fbsd kernel: ppc1: <Parallel port> port 0x378-0x37f irq 5 on acpi0
Apr 21 17:47:56 fbsd kernel: ppc1: Generic chipset (NIBBLE-only) in COMPATIBLE mode
Apr 21 17:47:56 fbsd kernel: ppbus0: <Parallel port bus> on ppc1
Apr 21 17:47:56 fbsd kernel: lpt0: <Printer> on ppbus0
Apr 21 17:47:56 fbsd kernel: lpt0: Interrupt-driven port
Apr 21 17:47:56 fbsd kernel: ppi0: <Parallel I/O> on ppbus0
Apr 21 17:47:56 fbsd kernel: atkbdc0: <Keyboard controller (i8042)> at port 0x60,0x64 on isa0
Apr 21 17:47:56 fbsd kernel: atkbd0: <AT Keyboard> irq 1 on atkbdc0
Apr 21 17:47:56 fbsd kernel: kbd0 at atkbd0
Apr 21 17:47:56 fbsd kernel: atkbd0: [GIANT-LOCKED]
Apr 21 17:47:56 fbsd kernel: atkbdc0: non-PNP ISA device will be removed from GENERIC in FreeBSD 14.
Apr 21 17:47:56 fbsd kernel: est0: <Enhanced SpeedStep Frequency Control> on cpu0
Apr 21 17:47:56 fbsd kernel: module_register_init: MOD_LOAD (tmpfs, 0xffffffff80cd5780, 0xffffffff818f35f0) error 17
Apr 21 17:47:56 fbsd kernel: Timecounters tick every 1.000 msec
Apr 21 17:47:56 fbsd kernel: ZFS filesystem version: 5
Apr 21 17:47:56 fbsd kernel: ZFS storage pool version: features support (5000)
Apr 21 17:47:56 fbsd kernel: ugen0.1: <0x8086 XHCI root HUB> at usbus0
Apr 21 17:47:56 fbsd kernel: ugen1.1: <Intel EHCI root HUB> at usbus1
Apr 21 17:47:56 fbsd kernel: hdacc0: <Intel Haswell HDA CODEC> at cad 0 on hdac0
Apr 21 17:47:56 fbsd kernel: hdaa0: <Intel Haswell Audio Function Group> at nid 1 on hdacc0
Apr 21 17:47:56 fbsd kernel: pcm0: <Intel Haswell (HDMI/DP 8ch)> at nid 3 on hdaa0
Apr 21 17:47:56 fbsd kernel: hdacc1: <Realtek ALC892 HDA CODEC> at cad 2 on hdac1
Apr 21 17:47:56 fbsd kernel: hdaa1: <Realtek ALC892 Audio Function Group> at nid 1 on hdacc1
Apr 21 17:47:56 fbsd kernel: pcm1: <Realtek ALC892 (Rear Analog 7.1/2.0)> at nid 20,22,21,23 and 24,26 on hdaa1
Apr 21 17:47:56 fbsd kernel: pcm2: <Realtek ALC892 (Front Analog)> at nid 27 and 25 on hdaa1
Apr 21 17:47:56 fbsd kernel: pcm3: <Realtek ALC892 (Digital)> at nid 17 and 31 on hdaa1
Apr 21 17:47:56 fbsd kernel: sysctl_unregister_oid: failed(22) to unregister sysctl(tmpfs)
Apr 21 17:47:56 fbsd kernel: Trying to mount root from zfs:zroot/ROOT/default []...
Apr 21 17:47:56 fbsd kernel: Root mount waiting for: usbus0 usbus1 usbus2 CAM
Apr 21 17:47:56 fbsd kernel: uhub0 on usbus1
Apr 21 17:47:56 fbsd kernel: uhub0: <Intel EHCI root HUB, class 9/0, rev 2.00/1.00, addr 1> on usbus1
Apr 21 17:47:56 fbsd kernel: uhub1 on usbus0
Apr 21 17:47:56 fbsd kernel: ugen2.1: <Intel EHCI root HUB> at usbus2
Apr 21 17:47:56 fbsd kernel: uhub1: <0x8086 XHCI root HUB, class 9/0, rev 3.00/1.00, addr 1> on usbus0
Apr 21 17:47:56 fbsd kernel: uhub2 on usbus2
Apr 21 17:47:56 fbsd kernel: uhub2: <Intel EHCI root HUB, class 9/0, rev 2.00/1.00, addr 1> on usbus2
Apr 21 17:47:56 fbsd kernel: ses0 at ahciem0 bus 0 scbus5 target 0 lun 0
Apr 21 17:47:56 fbsd kernel: ses0: <AHCI SGPIO Enclosure 2.00 0001> SEMB S-E-S 2.00 device
Apr 21 17:47:56 fbsd kernel: ses0: SEMB SES Device
Apr 21 17:47:56 fbsd kernel: ada0 at ahcich0 bus 0 scbus0 target 0 lun 0
Apr 21 17:47:56 fbsd kernel: ada0: <KINGSTON SA400S37240G SBFKJ4.3> ACS-3 ATA SATA 3.x device
Apr 21 17:47:56 fbsd kernel: ada0: Serial Number 50026B7380B31283
Apr 21 17:47:56 fbsd kernel: ada0: 600.000MB/s transfers (SATA 3.x, UDMA6, PIO 512bytes)
Apr 21 17:47:56 fbsd kernel: ada0: Command Queueing enabled
Apr 21 17:47:56 fbsd kernel: ada0: 228936MB (468862128 512 byte sectors)
Apr 21 17:47:56 fbsd kernel: ada1 at ahcich1 bus 0 scbus1 target 0 lun 0
Apr 21 17:47:56 fbsd kernel: ada1: <PPSS25-R 256GB AP613PE0> ACS-4 ATA SATA 3.x device
Apr 21 17:47:56 fbsd kernel: ada1: Serial Number 142026150467
Apr 21 17:47:56 fbsd kernel: ada1: 600.000MB/s transfers (SATA 3.x, UDMA6, PIO 8192bytes)
Apr 21 17:47:56 fbsd kernel: ada1: Command Queueing enabled
Apr 21 17:47:56 fbsd kernel: ada1: 244198MB (500118192 512 byte sectors)
Apr 21 17:47:56 fbsd kernel: ses0: pass0,ada0 in 'Slot 00', SATA Slot: scbus0 target 0
Apr 21 17:47:56 fbsd kernel: ses0: pass1,ada1 in 'Slot 01', SATA Slot: scbus1 target 0
Apr 21 17:47:56 fbsd kernel: ada2 at ahcich2 bus 0 scbus2 target 0 lun 0
Apr 21 17:47:56 fbsd kernel: ada2: <ADATA SU630 P190710b> ACS-2 ATA SATA 3.x device
Apr 21 17:47:56 fbsd kernel: ada2: Serial Number 2J4920164502
Apr 21 17:47:56 fbsd kernel: ada2: 600.000MB/s transfers (SATA 3.x, UDMA6, PIO 8192bytes)
Apr 21 17:47:56 fbsd kernel: ada2: Command Queueing enabled
Apr 21 17:47:56 fbsd kernel: ada2: 228936MB (468862128 512 byte sectors)
Apr 21 17:47:56 fbsd kernel: ses0: pass2,ada2 in 'Slot 02', SATA Slot: scbus2 target 0
Apr 21 17:47:56 fbsd kernel: ada3 at ahcich3 bus 0 scbus3 target 0 lun 0
Apr 21 17:47:56 fbsd kernel: ada3: <PPSS25-R 256GB AP613PE0> ACS-4 ATA SATA 3.x device
Apr 21 17:47:56 fbsd kernel: ada3: Serial Number 142026150468
Apr 21 17:47:56 fbsd kernel: ada3: 600.000MB/s transfers (SATA 3.x, UDMA6, PIO 8192bytes)
Apr 21 17:47:56 fbsd kernel: ada3: Command Queueing enabled
Apr 21 17:47:56 fbsd kernel: ada3: 244198MB (500118192 512 byte sectors)
Apr 21 17:47:56 fbsd kernel: ses0: pass3,ada3 in 'Slot 03', SATA Slot: scbus3 target 0
Apr 21 17:47:56 fbsd kernel: ada4 at ahcich4 bus 0 scbus4 target 0 lun 0
Apr 21 17:47:56 fbsd kernel: ada4: <WDC WD3200KS-00PFB0 21.00M21> ATA-7 SATA 2.x device
Apr 21 17:47:56 fbsd kernel: ada4: Serial Number WD-WCAPD1628159
Apr 21 17:47:56 fbsd kernel: ada4: 300.000MB/s transfers (SATA 2.x, UDMA6, PIO 8192bytes)
Apr 21 17:47:56 fbsd kernel: ada4: Command Queueing enabled
Apr 21 17:47:56 fbsd kernel: ada4: 305245MB (625142448 512 byte sectors)
Apr 21 17:47:56 fbsd kernel: ses0: pass4,ada4 in 'Slot 04', SATA Slot: scbus4 target 0
Apr 21 17:47:56 fbsd kernel: uhub2: 2 ports with 2 removable, self powered
Apr 21 17:47:56 fbsd kernel: uhub0: 2 ports with 2 removable, self powered
Apr 21 17:47:56 fbsd kernel: uhub1: 21 ports with 21 removable, self powered
Apr 21 17:47:56 fbsd kernel: Root mount waiting for: usbus0 usbus1 usbus2
Apr 21 17:47:56 fbsd kernel: ugen0.2: <Logitech Gaming Mouse G502> at usbus0
Apr 21 17:47:56 fbsd kernel: usbhid0 on uhub1
Apr 21 17:47:56 fbsd kernel: usbhid0: <Logitech Gaming Mouse G502, class 0/0, rev 2.00/88.02, addr 1> on usbus0
Apr 21 17:47:56 fbsd kernel: hidbus0: <HID bus> on usbhid0
Apr 21 17:47:56 fbsd kernel: ukbd0 on uhub1
Apr 21 17:47:56 fbsd kernel: ukbd0: <Logitech Gaming Mouse G502, class 0/0, rev 2.00/88.02, addr 1> on usbus0
Apr 21 17:47:56 fbsd kernel: kbd2 at ukbd0
Apr 21 17:47:56 fbsd kernel: ugen1.2: <vendor 0x8087 product 0x8008> at usbus1
Apr 21 17:47:56 fbsd kernel: uhub3 on uhub0
Apr 21 17:47:56 fbsd kernel: uhub3: <vendor 0x8087 product 0x8008, class 9/0, rev 2.00/0.05, addr 2> on usbus1
Apr 21 17:47:56 fbsd kernel: ugen2.2: <vendor 0x8087 product 0x8000> at usbus2
Apr 21 17:47:56 fbsd kernel: uhub4 on uhub2
Apr 21 17:47:56 fbsd kernel: uhub4: <vendor 0x8087 product 0x8000, class 9/0, rev 2.00/0.05, addr 2> on usbus2
Apr 21 17:47:56 fbsd kernel: uhub4: 6 ports with 6 removable, self powered
Apr 21 17:47:56 fbsd kernel: uhub3: 6 ports with 6 removable, self powered
Apr 21 17:47:56 fbsd kernel: ugen0.3: <vendor 0x046d product 0x081b> at usbus0
Apr 21 17:47:56 fbsd kernel: Root mount waiting for: usbus0
Apr 21 17:47:56 fbsd kernel: ugen0.4: <Logitech USB Receiver> at usbus0
Apr 21 17:47:56 fbsd kernel: ukbd1 on uhub1
Apr 21 17:47:56 fbsd kernel: ukbd1: <Logitech USB Receiver, class 0/0, rev 2.00/12.09, addr 3> on usbus0
Apr 21 17:47:56 fbsd kernel: kbd3 at ukbd1
Apr 21 17:47:56 fbsd kernel: usbhid1 on uhub1
Apr 21 17:47:56 fbsd kernel: usbhid1: <Logitech USB Receiver, class 0/0, rev 2.00/12.09, addr 3> on usbus0
Apr 21 17:47:56 fbsd kernel: hidbus1: <HID bus> on usbhid1
Apr 21 17:47:56 fbsd kernel: usbhid2 on uhub1
Apr 21 17:47:56 fbsd kernel: usbhid2: <Logitech USB Receiver, class 0/0, rev 2.00/12.09, addr 3> on usbus0
Apr 21 17:47:56 fbsd kernel: hidbus2: <HID bus> on usbhid2
Apr 21 17:47:56 fbsd kernel: GEOM_ELI: Device ada2.eli created.
Apr 21 17:47:56 fbsd kernel: GEOM_ELI: Encryption: AES-XTS 128
Apr 21 17:47:56 fbsd kernel: GEOM_ELI:     Crypto: accelerated software
Apr 21 17:47:56 fbsd kernel: GEOM_ELI: Device ada3.eli created.
Apr 21 17:47:56 fbsd kernel: GEOM_ELI: Encryption: AES-XTS 128
Apr 21 17:47:56 fbsd kernel: GEOM_ELI:     Crypto: accelerated software
Apr 21 17:47:56 fbsd kernel: GEOM_ELI: Device ada0p2.eli created.
Apr 21 17:47:56 fbsd kernel: GEOM_ELI: Encryption: AES-XTS 128
Apr 21 17:47:56 fbsd kernel: GEOM_ELI:     Crypto: accelerated software
Apr 21 17:47:56 fbsd kernel: GEOM_ELI: Device ada1p2.eli created.
Apr 21 17:47:56 fbsd kernel: GEOM_ELI: Encryption: AES-XTS 128
Apr 21 17:47:56 fbsd kernel: GEOM_ELI:     Crypto: accelerated software
Apr 21 17:47:56 fbsd kernel: drmn0: <drmn> on vgapci0
Apr 21 17:47:56 fbsd kernel: vgapci0: child drmn0 requested pci_enable_io
Apr 21 17:47:56 fbsd syslogd: last message repeated 1 times
Apr 21 17:47:56 fbsd kernel: [drm] Unable to create a private tmpfs mount, hugepage support will be disabled(-19).
Apr 21 17:47:56 fbsd kernel: Failed to add WC MTRR for [0xe0000000-0xefffffff]: -22; performance may suffer
Apr 21 17:47:56 fbsd kernel: [drm] Got stolen memory base 0x9fa00000, size 0x22000000
Apr 21 17:47:56 fbsd kernel: [drm ERROR :i915_gem_init_stolen] Stolen reserved area 0xfffffe01095f0a10R outside stolen memory 0xfffffe01095f09f8R
Apr 21 17:47:56 fbsd kernel: [drm] Supports vblank timestamp caching Rev 2 (21.10.2013).
Apr 21 17:47:56 fbsd kernel: [drm] Driver supports precise vblank timestamp query.
Apr 21 17:47:56 fbsd kernel: [drm] Connector VGA-1: get mode from tunables:
Apr 21 17:47:56 fbsd kernel: [drm]   - kern.vt.fb.modes.VGA-1
Apr 21 17:47:56 fbsd kernel: [drm]   - kern.vt.fb.default_mode
Apr 21 17:47:56 fbsd kernel: [drm] Connector HDMI-A-1: get mode from tunables:
Apr 21 17:47:56 fbsd kernel: [drm]   - kern.vt.fb.modes.HDMI-A-1
Apr 21 17:47:56 fbsd kernel: [drm]   - kern.vt.fb.default_mode
Apr 21 17:47:56 fbsd kernel: [drm] Connector HDMI-A-2: get mode from tunables:
Apr 21 17:47:56 fbsd kernel: [drm]   - kern.vt.fb.modes.HDMI-A-2
Apr 21 17:47:56 fbsd kernel: [drm]   - kern.vt.fb.default_mode
Apr 21 17:47:56 fbsd kernel: sysctl_warn_reuse: can't re-use a leaf (hw.dri.debug)!
Apr 21 17:47:56 fbsd kernel: [drm] Initialized i915 1.6.0 20190822 for drmn0 on minor 0
Apr 21 17:47:56 fbsd kernel: WARNING: Device "fb" is Giant locked and may be deleted before FreeBSD 14.0.
Apr 21 17:47:56 fbsd kernel: VT: Replacing driver "efifb" with new "fb".
Apr 21 17:47:56 fbsd kernel: start FB_INFO:
Apr 21 17:47:56 fbsd kernel: type=11 height=1050 width=1680 depth=32
Apr 21 17:47:56 fbsd kernel: cmsize=16 size=8294400
Apr 21 17:47:56 fbsd kernel: pbase=0xe0009000 vbase=0xfffff800e0009000
Apr 21 17:47:56 fbsd kernel: name=drmn0 flags=0x0 stride=7680 bpp=32
Apr 21 17:47:56 fbsd kernel: cmap[0]=0 cmap[1]=7f0000 cmap[2]=7f00 cmap[3]=c4a000
Apr 21 17:47:56 fbsd kernel: end FB_INFO
Apr 21 17:47:56 fbsd kernel: drmn0: fb0: i915drmfb frame buffer device
Apr 21 17:47:56 fbsd kernel: Cuse v0.1.36 @ /dev/cuse
Apr 21 17:47:56 fbsd kernel: coretemp0: <CPU On-Die Thermal Sensors> on cpu0
Apr 21 17:47:56 fbsd kernel: ichsmb0: <Intel Lynx Point SMBus controller> port 0xf040-0xf05f mem 0xf7e19000-0xf7e190ff irq 18 at device 31.3 on pci0
Apr 21 17:47:56 fbsd kernel: smbus0: <System Management Bus> on ichsmb0
Apr 21 17:47:56 fbsd kernel: hms0: <Logitech Gaming Mouse G502> on hidbus0
Apr 21 17:47:56 fbsd kernel: hms0: 16 buttons and [XYWH] coordinates ID=0
Apr 21 17:47:56 fbsd kernel: hms1: <Logitech USB Receiver Mouse> on hidbus1
Apr 21 17:47:56 fbsd kernel: hms1: 16 buttons and [XYWH] coordinates ID=2
Apr 21 17:47:56 fbsd kernel: hcons0: <Logitech USB Receiver Consumer Control> on hidbus1
Apr 21 17:47:56 fbsd kernel: hsctrl0: <Logitech USB Receiver System Control> on hidbus1
Apr 21 17:47:56 fbsd kernel: lo0: link state changed to UP
Apr 21 17:47:56 fbsd kernel: re0: link state changed to DOWN
Apr 21 17:47:56 fbsd kernel: uaudio0 on uhub1
Apr 21 17:47:56 fbsd kernel: uaudio0: <vendor 0x046d product 0x081b, class 239/2, rev 2.00/0.12, addr 2> on usbus0
Apr 21 17:47:56 fbsd kernel: uaudio0: No playback.
Apr 21 17:47:56 fbsd kernel: uaudio0: Record[0]: 48000 Hz, 1 ch, 16-bit S-LE PCM format, 2x8ms buffer.
Apr 21 17:47:56 fbsd kernel: uaudio0: Record[0]: 32000 Hz, 1 ch, 16-bit S-LE PCM format, 2x8ms buffer.
Apr 21 17:47:56 fbsd kernel: uaudio0: Record[0]: 24000 Hz, 1 ch, 16-bit S-LE PCM format, 2x8ms buffer.
Apr 21 17:47:56 fbsd kernel: uaudio0: Record[0]: 16000 Hz, 1 ch, 16-bit S-LE PCM format, 2x8ms buffer.
Apr 21 17:47:56 fbsd kernel: uaudio0: No MIDI sequencer.
Apr 21 17:47:56 fbsd kernel: pcm4: <USB audio> on uaudio0
Apr 21 17:47:56 fbsd kernel: uaudio0: No HID volume keys found.
Apr 21 17:47:56 fbsd kernel: re0: link state changed to UP
Apr 21 17:47:56 fbsd kernel: ipfw2 (+ipv6) initialized, divert loadable, nat loadable, default to deny, logging disabled
Apr 21 17:47:56 fbsd kernel: bridge0: Ethernet address: 58:9c:fc:10:43:59
Apr 21 17:47:56 fbsd kernel: bridge0: changing name to 'vm-public'
Apr 21 17:47:56 fbsd kernel: re0: promiscuous mode enabled
Apr 21 17:47:56 fbsd kernel: vm-public: link state changed to UP
Apr 21 17:47:56 fbsd ntpd[54973]: ntpd 4.2.8p15-a (1): Starting
Apr 21 17:47:56 fbsd kernel: Security policy loaded: MAC/ntpd (mac_ntpd)
Apr 21 17:47:56 fbsd ntpd[54973]: Command line: /usr/sbin/ntpd -p /var/db/ntp/ntpd.pid -c /etc/ntp.conf -f /var/db/ntp/ntpd.drift
Apr 21 17:47:56 fbsd ntpd[54973]: ----------------------------------------------------
Apr 21 17:47:56 fbsd ntpd[54973]: ntp-4 is maintained by Network Time Foundation,
Apr 21 17:47:56 fbsd ntpd[54973]: Inc. (NTF), a non-profit 501(c)(3) public-benefit
Apr 21 17:47:56 fbsd ntpd[54973]: corporation.  Support and training for ntp-4 are
Apr 21 17:47:56 fbsd ntpd[54973]: available at https://www.nwtime.org/support
Apr 21 17:47:56 fbsd ntpd[54973]: ----------------------------------------------------
Apr 21 17:47:56 fbsd ntpd[55340]: leapsecond file ('/var/db/ntpd.leap-seconds.list'): good hash signature
Apr 21 17:47:56 fbsd ntpd[55340]: leapsecond file ('/var/db/ntpd.leap-seconds.list'): loaded, expire=2020-12-28T00:00:00Z last=2017-01-01T00:00:00Z ofs=37
Apr 21 17:47:56 fbsd ntpd[55340]: leapsecond file ('/var/db/ntpd.leap-seconds.list'): expired 115 days ago
Apr 21 17:59:20 fbsd pkg[89447]: libassuan-2.5.5 installed
Apr 21 17:59:20 fbsd pkg[89447]: pinentry-curses-1.1.1 installed
Apr 21 17:59:20 fbsd pkg[89447]: pinentry-1.1.1 installed
Apr 21 17:59:20 fbsd pkg[89447]: libksba-1.5.0 installed
Apr 21 17:59:20 fbsd pkg[89447]: npth-1.6 installed
Apr 21 17:59:20 fbsd pkg[89447]: xclip-0.13 installed
Apr 21 17:59:20 fbsd pkg[89447]: tree-1.8.0 installed
Apr 21 17:59:20 fbsd pkg[89447]: pwgen-2.08,2 installed
Apr 21 17:59:20 fbsd pkg[89447]: gnupg-2.3.0 installed
Apr 21 17:59:20 fbsd pkg[89447]: getopt-1.1.6 installed
Apr 21 17:59:20 fbsd pkg[89447]: base64-1.5_1 installed
Apr 21 17:59:20 fbsd pkg[89447]: password-store-1.7.3_2 installed
Apr 21 22:43:01 fbsd shutdown[86163]: power-down by matej: 
Apr 21 22:43:01 fbsd devd[96434]: notify_clients: send() failed; dropping unresponsive client
Apr 21 22:43:01 fbsd kernel: .
Apr 21 22:43:01 fbsd devd[96434]: notify_clients: send() failed; dropping unresponsive client
Apr 21 22:43:01 fbsd syslogd: last message repeated 1 times
Apr 21 22:43:02 fbsd ntpd[55340]: ntpd exiting on signal 15 (Terminated)
Apr 21 22:43:02 fbsd kernel: .
Apr 21 22:43:02 fbsd syslogd: exiting on signal 15
Apr 22 15:09:19 fbsd syslogd: kernel boot file is /boot/kernel/kernel
Apr 22 15:09:19 fbsd kernel: ---<<BOOT>>---
Apr 22 15:09:19 fbsd kernel: Copyright (c) 1992-2021 The FreeBSD Project.
Apr 22 15:09:19 fbsd kernel: Copyright (c) 1979, 1980, 1983, 1986, 1988, 1989, 1991, 1992, 1993, 1994
Apr 22 15:09:19 fbsd kernel: 	The Regents of the University of California. All rights reserved.
Apr 22 15:09:19 fbsd kernel: FreeBSD is a registered trademark of The FreeBSD Foundation.
Apr 22 15:09:19 fbsd kernel: FreeBSD 13.0-RELEASE #0 releng/13.0-n244733-ea31abc261f: Fri Apr  9 04:24:09 UTC 2021
Apr 22 15:09:19 fbsd kernel:     root@releng1.nyi.freebsd.org:/usr/obj/usr/src/amd64.amd64/sys/GENERIC amd64
Apr 22 15:09:19 fbsd kernel: FreeBSD clang version 11.0.1 (git@github.com:llvm/llvm-project.git llvmorg-11.0.1-0-g43ff75f2c3fe)
Apr 22 15:09:19 fbsd kernel: VT(efifb): resolution 1024x768
Apr 22 15:09:19 fbsd kernel: module_register: cannot register tmpfs from kernel; already loaded from tmpfs.ko
Apr 22 15:09:19 fbsd kernel: Module tmpfs failed to register: 17
Apr 22 15:09:19 fbsd kernel: CPU: Intel(R) Core(TM) i5-4690 CPU @ 3.50GHz (3491.99-MHz K8-class CPU)
Apr 22 15:09:19 fbsd kernel:   Origin="GenuineIntel"  Id=0x306c3  Family=0x6  Model=0x3c  Stepping=3
Apr 22 15:09:19 fbsd kernel:   Features=0xbfebfbff<FPU,VME,DE,PSE,TSC,MSR,PAE,MCE,CX8,APIC,SEP,MTRR,PGE,MCA,CMOV,PAT,PSE36,CLFLUSH,DTS,ACPI,MMX,FXSR,SSE,SSE2,SS,HTT,TM,PBE>
Apr 22 15:09:19 fbsd kernel:   Features2=0x7ffafbff<SSE3,PCLMULQDQ,DTES64,MON,DS_CPL,VMX,SMX,EST,TM2,SSSE3,SDBG,FMA,CX16,xTPR,PDCM,PCID,SSE4.1,SSE4.2,x2APIC,MOVBE,POPCNT,TSCDLT,AESNI,XSAVE,OSXSAVE,AVX,F16C,RDRAND>
Apr 22 15:09:19 fbsd kernel:   AMD Features=0x2c100800<SYSCALL,NX,Page1GB,RDTSCP,LM>
Apr 22 15:09:19 fbsd kernel:   AMD Features2=0x21<LAHF,ABM>
Apr 22 15:09:19 fbsd kernel:   Structured Extended Features=0x2fbb<FSGSBASE,TSCADJ,BMI1,HLE,AVX2,SMEP,BMI2,ERMS,INVPCID,RTM,NFPUSG>
Apr 22 15:09:19 fbsd kernel:   XSAVE Features=0x1<XSAVEOPT>
Apr 22 15:09:19 fbsd kernel:   VT-x: PAT,HLT,MTF,PAUSE,EPT,UG,VPID
Apr 22 15:09:19 fbsd kernel:   TSC: P-state invariant, performance statistics
Apr 22 15:09:19 fbsd kernel: real memory  = 17179869184 (16384 MB)
Apr 22 15:09:19 fbsd kernel: avail memory = 15511564288 (14792 MB)
Apr 22 15:09:19 fbsd kernel: Event timer "LAPIC" quality 600
Apr 22 15:09:19 fbsd kernel: ACPI APIC Table: <ALASKA A M I>
Apr 22 15:09:19 fbsd kernel: FreeBSD/SMP: Multiprocessor System Detected: 4 CPUs
Apr 22 15:09:19 fbsd kernel: FreeBSD/SMP: 1 package(s) x 4 core(s)
Apr 22 15:09:19 fbsd kernel: random: registering fast source Intel Secure Key RNG
Apr 22 15:09:19 fbsd kernel: random: fast provider: "Intel Secure Key RNG"
Apr 22 15:09:19 fbsd kernel: random: unblocking device.
Apr 22 15:09:19 fbsd kernel: ioapic0 <Version 2.0> irqs 0-23
Apr 22 15:09:19 fbsd kernel: Launching APs: 2 1 3
Apr 22 15:09:19 fbsd kernel: Timecounter "TSC-low" frequency 1745995609 Hz quality 1000
Apr 22 15:09:19 fbsd kernel: KTLS: Initialized 4 threads
Apr 22 15:09:19 fbsd kernel: random: entropy device external interface
Apr 22 15:09:19 fbsd kernel: WARNING: Device "kbd" is Giant locked and may be deleted before FreeBSD 14.0.
Apr 22 15:09:19 fbsd kernel: kbd1 at kbdmux0
Apr 22 15:09:19 fbsd kernel: 000.000048 [4354] netmap_init               netmap: loaded module
Apr 22 15:09:19 fbsd kernel: [ath_hal] loaded
Apr 22 15:09:19 fbsd kernel: mlx5en: Mellanox Ethernet driver 3.6.0 (December 2020)
Apr 22 15:09:19 fbsd kernel: nexus0
Apr 22 15:09:19 fbsd kernel: efirtc0: <EFI Realtime Clock>
Apr 22 15:09:19 fbsd kernel: efirtc0: registered as a time-of-day clock, resolution 1.000000s
Apr 22 15:09:19 fbsd kernel: cryptosoft0: <software crypto>
Apr 22 15:09:19 fbsd kernel: aesni0: <AES-CBC,AES-CCM,AES-GCM,AES-ICM,AES-XTS>
Apr 22 15:09:19 fbsd kernel: acpi0: <ALASKA A M I>
Apr 22 15:09:19 fbsd kernel: acpi0: Power Button (fixed)
Apr 22 15:09:19 fbsd kernel: cpu0: <ACPI CPU> on acpi0
Apr 22 15:09:19 fbsd kernel: hpet0: <High Precision Event Timer> iomem 0xfed00000-0xfed003ff on acpi0
Apr 22 15:09:19 fbsd kernel: Timecounter "HPET" frequency 14318180 Hz quality 950
Apr 22 15:09:19 fbsd kernel: Event timer "HPET" frequency 14318180 Hz quality 550
Apr 22 15:09:19 fbsd kernel: Event timer "HPET1" frequency 14318180 Hz quality 440
Apr 22 15:09:19 fbsd kernel: Event timer "HPET2" frequency 14318180 Hz quality 440
Apr 22 15:09:19 fbsd kernel: Event timer "HPET3" frequency 14318180 Hz quality 440
Apr 22 15:09:19 fbsd kernel: Event timer "HPET4" frequency 14318180 Hz quality 440
Apr 22 15:09:19 fbsd kernel: atrtc0: <AT realtime clock> port 0x70-0x77 irq 8 on acpi0
Apr 22 15:09:19 fbsd kernel: atrtc0: Warning: Couldn't map I/O.
Apr 22 15:09:19 fbsd kernel: atrtc0: registered as a time-of-day clock, resolution 1.000000s
Apr 22 15:09:19 fbsd kernel: Event timer "RTC" frequency 32768 Hz quality 0
Apr 22 15:09:19 fbsd kernel: attimer0: <AT timer> port 0x40-0x43,0x50-0x53 irq 0 on acpi0
Apr 22 15:09:19 fbsd kernel: Timecounter "i8254" frequency 1193182 Hz quality 0
Apr 22 15:09:19 fbsd kernel: Event timer "i8254" frequency 1193182 Hz quality 100
Apr 22 15:09:19 fbsd kernel: Timecounter "ACPI-fast" frequency 3579545 Hz quality 900
Apr 22 15:09:19 fbsd kernel: acpi_timer0: <24-bit timer at 3.579545MHz> port 0x1808-0x180b on acpi0
Apr 22 15:09:19 fbsd kernel: pcib0: <ACPI Host-PCI bridge> port 0xcf8-0xcff on acpi0
Apr 22 15:09:19 fbsd kernel: pci0: <ACPI PCI bus> on pcib0
Apr 22 15:09:19 fbsd kernel: vgapci0: <VGA-compatible display> port 0xf000-0xf03f mem 0xf7800000-0xf7bfffff,0xe0000000-0xefffffff irq 16 at device 2.0 on pci0
Apr 22 15:09:19 fbsd kernel: vgapci0: Boot video device
Apr 22 15:09:19 fbsd kernel: hdac0: <Intel Haswell HDA Controller> mem 0xf7e14000-0xf7e17fff irq 16 at device 3.0 on pci0
Apr 22 15:09:19 fbsd kernel: xhci0: <Intel Lynx Point USB 3.0 controller> mem 0xf7e00000-0xf7e0ffff irq 16 at device 20.0 on pci0
Apr 22 15:09:19 fbsd kernel: xhci0: 32 bytes context size, 64-bit DMA
Apr 22 15:09:19 fbsd kernel: xhci0: Port routing mask set to 0xffffffff
Apr 22 15:09:19 fbsd kernel: usbus0 on xhci0
Apr 22 15:09:19 fbsd kernel: usbus0: 5.0Gbps Super Speed USB v3.0
Apr 22 15:09:19 fbsd kernel: pci0: <simple comms> at device 22.0 (no driver attached)
Apr 22 15:09:19 fbsd kernel: ehci0: <Intel Lynx Point USB 2.0 controller USB-B> mem 0xf7e1c000-0xf7e1c3ff irq 16 at device 26.0 on pci0
Apr 22 15:09:19 fbsd kernel: usbus1: EHCI version 1.0
Apr 22 15:09:19 fbsd kernel: usbus1 on ehci0
Apr 22 15:09:19 fbsd kernel: usbus1: 480Mbps High Speed USB v2.0
Apr 22 15:09:19 fbsd kernel: hdac1: <Intel Lynx Point HDA Controller> mem 0xf7e10000-0xf7e13fff irq 22 at device 27.0 on pci0
Apr 22 15:09:19 fbsd kernel: pcib1: <ACPI PCI-PCI bridge> irq 16 at device 28.0 on pci0
Apr 22 15:09:19 fbsd kernel: pci1: <ACPI PCI bus> on pcib1
Apr 22 15:09:19 fbsd kernel: ppt0 mem 0xf7d00000-0xf7d00fff irq 16 at device 0.0 on pci1
Apr 22 15:09:19 fbsd kernel: pcib2: <ACPI PCI-PCI bridge> irq 18 at device 28.2 on pci0
Apr 22 15:09:19 fbsd kernel: pci2: <ACPI PCI bus> on pcib2
Apr 22 15:09:19 fbsd kernel: re0: <RealTek 8168/8111 B/C/CP/D/DP/E/F/G PCIe Gigabit Ethernet> port 0xe000-0xe0ff mem 0xf7c00000-0xf7c00fff,0xf0000000-0xf0003fff irq 18 at device 0.0 on pci2
Apr 22 15:09:19 fbsd kernel: re0: Using 1 MSI-X message
Apr 22 15:09:19 fbsd kernel: re0: Chip rev. 0x4c000000
Apr 22 15:09:19 fbsd kernel: re0: MAC rev. 0x00000000
Apr 22 15:09:19 fbsd kernel: miibus0: <MII bus> on re0
Apr 22 15:09:19 fbsd kernel: rgephy0: <RTL8251/8153 1000BASE-T media interface> PHY 1 on miibus0
Apr 22 15:09:19 fbsd kernel: rgephy0:  none, 10baseT, 10baseT-FDX, 10baseT-FDX-flow, 100baseTX, 100baseTX-FDX, 100baseTX-FDX-flow, 1000baseT-FDX, 1000baseT-FDX-master, 1000baseT-FDX-flow, 1000baseT-FDX-flow-master, auto, auto-flow
Apr 22 15:09:19 fbsd kernel: re0: Using defaults for TSO: 65518/35/2048
Apr 22 15:09:19 fbsd kernel: re0: Ethernet address: 40:8d:5c:35:68:2a
Apr 22 15:09:19 fbsd kernel: re0: netmap queues/slots: TX 1/256, RX 1/256
Apr 22 15:09:19 fbsd kernel: pcib3: <ACPI PCI-PCI bridge> irq 19 at device 28.3 on pci0
Apr 22 15:09:19 fbsd kernel: pci3: <ACPI PCI bus> on pcib3
Apr 22 15:09:19 fbsd kernel: pcib4: <ACPI PCI-PCI bridge> irq 19 at device 0.0 on pci3
Apr 22 15:09:19 fbsd kernel: pci4: <ACPI PCI bus> on pcib4
Apr 22 15:09:19 fbsd kernel: ehci1: <Intel Lynx Point USB 2.0 controller USB-A> mem 0xf7e1b000-0xf7e1b3ff irq 23 at device 29.0 on pci0
Apr 22 15:09:19 fbsd kernel: usbus2: EHCI version 1.0
Apr 22 15:09:19 fbsd kernel: usbus2 on ehci1
Apr 22 15:09:19 fbsd kernel: usbus2: 480Mbps High Speed USB v2.0
Apr 22 15:09:19 fbsd kernel: isab0: <PCI-ISA bridge> at device 31.0 on pci0
Apr 22 15:09:19 fbsd kernel: isa0: <ISA bus> on isab0
Apr 22 15:09:19 fbsd kernel: ahci0: <Intel Lynx Point AHCI SATA controller> port 0xf0b0-0xf0b7,0xf0a0-0xf0a3,0xf090-0xf097,0xf080-0xf083,0xf060-0xf07f mem 0xf7e1a000-0xf7e1a7ff irq 19 at device 31.2 on pci0
Apr 22 15:09:19 fbsd kernel: ahci0: AHCI v1.30 with 6 6Gbps ports, Port Multiplier not supported
Apr 22 15:09:19 fbsd kernel: ahcich0: <AHCI channel> at channel 0 on ahci0
Apr 22 15:09:19 fbsd kernel: ahcich1: <AHCI channel> at channel 1 on ahci0
Apr 22 15:09:19 fbsd kernel: ahcich2: <AHCI channel> at channel 2 on ahci0
Apr 22 15:09:19 fbsd kernel: ahcich3: <AHCI channel> at channel 3 on ahci0
Apr 22 15:09:19 fbsd kernel: ahcich4: <AHCI channel> at channel 4 on ahci0
Apr 22 15:09:19 fbsd kernel: ahciem0: <AHCI enclosure management bridge> on ahci0
Apr 22 15:09:19 fbsd kernel: acpi_button0: <Power Button> on acpi0
Apr 22 15:09:19 fbsd kernel: acpi_tz0: <Thermal Zone> on acpi0
Apr 22 15:09:19 fbsd kernel: acpi_tz1: <Thermal Zone> on acpi0
Apr 22 15:09:19 fbsd kernel: uart0: <16550 or compatible> port 0x3f8-0x3ff irq 4 flags 0x10 on acpi0
Apr 22 15:09:19 fbsd kernel: ppc1: <Parallel port> port 0x378-0x37f irq 5 on acpi0
Apr 22 15:09:19 fbsd kernel: ppc1: Generic chipset (NIBBLE-only) in COMPATIBLE mode
Apr 22 15:09:19 fbsd kernel: ppbus0: <Parallel port bus> on ppc1
Apr 22 15:09:19 fbsd kernel: lpt0: <Printer> on ppbus0
Apr 22 15:09:19 fbsd kernel: lpt0: Interrupt-driven port
Apr 22 15:09:19 fbsd kernel: ppi0: <Parallel I/O> on ppbus0
Apr 22 15:09:19 fbsd kernel: atkbdc0: <Keyboard controller (i8042)> at port 0x60,0x64 on isa0
Apr 22 15:09:19 fbsd kernel: atkbd0: <AT Keyboard> irq 1 on atkbdc0
Apr 22 15:09:19 fbsd kernel: kbd0 at atkbd0
Apr 22 15:09:19 fbsd kernel: atkbd0: [GIANT-LOCKED]
Apr 22 15:09:19 fbsd kernel: atkbdc0: non-PNP ISA device will be removed from GENERIC in FreeBSD 14.
Apr 22 15:09:19 fbsd kernel: est0: <Enhanced SpeedStep Frequency Control> on cpu0
Apr 22 15:09:19 fbsd kernel: module_register_init: MOD_LOAD (tmpfs, 0xffffffff80cd5780, 0xffffffff827a7b40) error 17
Apr 22 15:09:19 fbsd kernel: Timecounters tick every 1.000 msec
Apr 22 15:09:19 fbsd kernel: ZFS filesystem version: 5
Apr 22 15:09:19 fbsd kernel: ZFS storage pool version: features support (5000)
Apr 22 15:09:19 fbsd kernel: ugen1.1: <Intel EHCI root HUB> at usbus1
Apr 22 15:09:19 fbsd kernel: ugen2.1: <Intel EHCI root HUB> at usbus2
Apr 22 15:09:19 fbsd kernel: ugen0.1: <0x8086 XHCI root HUB> at usbus0
Apr 22 15:09:19 fbsd kernel: hdacc0: <Intel Haswell HDA CODEC> at cad 0 on hdac0
Apr 22 15:09:19 fbsd kernel: hdaa0: <Intel Haswell Audio Function Group> at nid 1 on hdacc0
Apr 22 15:09:19 fbsd kernel: pcm0: <Intel Haswell (HDMI/DP 8ch)> at nid 3 on hdaa0
Apr 22 15:09:19 fbsd kernel: hdacc1: <Realtek ALC892 HDA CODEC> at cad 2 on hdac1
Apr 22 15:09:19 fbsd kernel: hdaa1: <Realtek ALC892 Audio Function Group> at nid 1 on hdacc1
Apr 22 15:09:19 fbsd kernel: pcm1: <Realtek ALC892 (Rear Analog 7.1/2.0)> at nid 20,22,21,23 and 24,26 on hdaa1
Apr 22 15:09:19 fbsd kernel: pcm2: <Realtek ALC892 (Front Analog)> at nid 27 and 25 on hdaa1
Apr 22 15:09:19 fbsd kernel: pcm3: <Realtek ALC892 (Digital)> at nid 17 and 31 on hdaa1
Apr 22 15:09:19 fbsd kernel: sysctl_unregister_oid: failed(22) to unregister sysctl(tmpfs)
Apr 22 15:09:19 fbsd kernel: Trying to mount root from zfs:zroot/ROOT/default []...
Apr 22 15:09:19 fbsd kernel: Root mount waiting for: usbus0 usbus1 usbus2 CAM
Apr 22 15:09:19 fbsd kernel: uhub0 on usbus0
Apr 22 15:09:19 fbsd kernel: uhub0: <0x8086 XHCI root HUB, class 9/0, rev 3.00/1.00, addr 1> on usbus0
Apr 22 15:09:19 fbsd kernel: uhub1 on usbus1
Apr 22 15:09:19 fbsd kernel: uhub2 on usbus2
Apr 22 15:09:19 fbsd kernel: uhub2: <Intel EHCI root HUB, class 9/0, rev 2.00/1.00, addr 1> on usbus2
Apr 22 15:09:19 fbsd kernel: uhub1: <Intel EHCI root HUB, class 9/0, rev 2.00/1.00, addr 1> on usbus1
Apr 22 15:09:19 fbsd kernel: ses0 at ahciem0 bus 0 scbus5 target 0 lun 0
Apr 22 15:09:19 fbsd kernel: ses0: <AHCI SGPIO Enclosure 2.00 0001> SEMB S-E-S 2.00 device
Apr 22 15:09:19 fbsd kernel: ses0: SEMB SES Device
Apr 22 15:09:19 fbsd kernel: ada0 at ahcich0 bus 0 scbus0 target 0 lun 0
Apr 22 15:09:19 fbsd kernel: ada0: <KINGSTON SA400S37240G SBFKJ4.3> ACS-3 ATA SATA 3.x device
Apr 22 15:09:19 fbsd kernel: ada0: Serial Number 50026B7380B31283
Apr 22 15:09:19 fbsd kernel: ada0: 600.000MB/s transfers (SATA 3.x, UDMA6, PIO 512bytes)
Apr 22 15:09:19 fbsd kernel: ada0: Command Queueing enabled
Apr 22 15:09:19 fbsd kernel: ada0: 228936MB (468862128 512 byte sectors)
Apr 22 15:09:19 fbsd kernel: ses0: pass0,ada0 in 'Slot 00', SATA Slot: scbus0 target 0
Apr 22 15:09:19 fbsd kernel: ada1 at ahcich1 bus 0 scbus1 target 0 lun 0
Apr 22 15:09:19 fbsd kernel: ada1: <PPSS25-R 256GB AP613PE0> ACS-4 ATA SATA 3.x device
Apr 22 15:09:19 fbsd kernel: ada1: Serial Number 142026150467
Apr 22 15:09:19 fbsd kernel: ada1: 600.000MB/s transfers (SATA 3.x, UDMA6, PIO 8192bytes)
Apr 22 15:09:19 fbsd kernel: ada1: Command Queueing enabled
Apr 22 15:09:19 fbsd kernel: ada1: 244198MB (500118192 512 byte sectors)
Apr 22 15:09:19 fbsd kernel: ses0: pass1,ada1 in 'Slot 01', SATA Slot: scbus1 target 0
Apr 22 15:09:19 fbsd kernel: ada2 at ahcich2 bus 0 scbus2 target 0 lun 0
Apr 22 15:09:19 fbsd kernel: ada2: <ADATA SU630 P190710b> ACS-2 ATA SATA 3.x device
Apr 22 15:09:19 fbsd kernel: ada2: Serial Number 2J4920164502
Apr 22 15:09:19 fbsd kernel: ada2: 600.000MB/s transfers (SATA 3.x, UDMA6, PIO 8192bytes)
Apr 22 15:09:19 fbsd kernel: ada2: Command Queueing enabled
Apr 22 15:09:19 fbsd kernel: ada2: 228936MB (468862128 512 byte sectors)
Apr 22 15:09:19 fbsd kernel: ada3 at ahcich3 bus 0 scbus3 target 0 lun 0
Apr 22 15:09:19 fbsd kernel: ada3: <PPSS25-R 256GB AP613PE0> ACS-4 ATA SATA 3.x device
Apr 22 15:09:19 fbsd kernel: ada3: Serial Number 142026150468
Apr 22 15:09:19 fbsd kernel: ada3: 600.000MB/s transfers (SATA 3.x, UDMA6, PIO 8192bytes)
Apr 22 15:09:19 fbsd kernel: ada3: Command Queueing enabled
Apr 22 15:09:19 fbsd kernel: ada3: 244198MB (500118192 512 byte sectors)
Apr 22 15:09:19 fbsd kernel: ses0: pass2,ada2 in 'Slot 02', SATA Slot: scbus2 target 0
Apr 22 15:09:19 fbsd kernel: ses0: pass3,ada3 in 'Slot 03', SATA Slot: scbus3 target 0
Apr 22 15:09:19 fbsd kernel: ada4 at ahcich4 bus 0 scbus4 target 0 lun 0
Apr 22 15:09:19 fbsd kernel: ada4: <WDC WD3200KS-00PFB0 21.00M21> ATA-7 SATA 2.x device
Apr 22 15:09:19 fbsd kernel: ada4: Serial Number WD-WCAPD1628159
Apr 22 15:09:19 fbsd kernel: ada4: 300.000MB/s transfers (SATA 2.x, UDMA6, PIO 8192bytes)
Apr 22 15:09:19 fbsd kernel: ada4: Command Queueing enabled
Apr 22 15:09:19 fbsd kernel: ada4: 305245MB (625142448 512 byte sectors)
Apr 22 15:09:19 fbsd kernel: ses0: pass4,ada4 in 'Slot 04', SATA Slot: scbus4 target 0
Apr 22 15:09:19 fbsd kernel: uhub1: 2 ports with 2 removable, self powered
Apr 22 15:09:19 fbsd kernel: uhub2: 2 ports with 2 removable, self powered
Apr 22 15:09:19 fbsd kernel: uhub0: 21 ports with 21 removable, self powered
Apr 22 15:09:19 fbsd kernel: Root mount waiting for: usbus0 usbus1 usbus2
Apr 22 15:09:19 fbsd kernel: ugen0.2: <Logitech Gaming Mouse G502> at usbus0
Apr 22 15:09:19 fbsd kernel: usbhid0 on uhub0
Apr 22 15:09:19 fbsd kernel: usbhid0: <Logitech Gaming Mouse G502, class 0/0, rev 2.00/88.02, addr 1> on usbus0
Apr 22 15:09:19 fbsd kernel: hidbus0: <HID bus> on usbhid0
Apr 22 15:09:19 fbsd kernel: ukbd0 on uhub0
Apr 22 15:09:19 fbsd kernel: ukbd0: <Logitech Gaming Mouse G502, class 0/0, rev 2.00/88.02, addr 1> on usbus0
Apr 22 15:09:19 fbsd kernel: kbd2 at ukbd0
Apr 22 15:09:19 fbsd kernel: ugen2.2: <vendor 0x8087 product 0x8000> at usbus2
Apr 22 15:09:19 fbsd kernel: uhub3 on uhub2
Apr 22 15:09:19 fbsd kernel: uhub3: <vendor 0x8087 product 0x8000, class 9/0, rev 2.00/0.05, addr 2> on usbus2
Apr 22 15:09:19 fbsd kernel: ugen1.2: <vendor 0x8087 product 0x8008> at usbus1
Apr 22 15:09:19 fbsd kernel: uhub4 on uhub1
Apr 22 15:09:19 fbsd kernel: uhub4: <vendor 0x8087 product 0x8008, class 9/0, rev 2.00/0.05, addr 2> on usbus1
Apr 22 15:09:19 fbsd kernel: uhub3: 6 ports with 6 removable, self powered
Apr 22 15:09:19 fbsd kernel: uhub4: 6 ports with 6 removable, self powered
Apr 22 15:09:19 fbsd kernel: ugen0.3: <vendor 0x046d product 0x081b> at usbus0
Apr 22 15:09:19 fbsd kernel: Root mount waiting for: usbus0
Apr 22 15:09:19 fbsd kernel: ugen0.4: <Logitech USB Receiver> at usbus0
Apr 22 15:09:19 fbsd kernel: ukbd1 on uhub0
Apr 22 15:09:19 fbsd kernel: ukbd1: <Logitech USB Receiver, class 0/0, rev 2.00/12.09, addr 3> on usbus0
Apr 22 15:09:19 fbsd kernel: kbd3 at ukbd1
Apr 22 15:09:19 fbsd kernel: usbhid1 on uhub0
Apr 22 15:09:19 fbsd kernel: usbhid1: <Logitech USB Receiver, class 0/0, rev 2.00/12.09, addr 3> on usbus0
Apr 22 15:09:19 fbsd kernel: hidbus1: <HID bus> on usbhid1
Apr 22 15:09:19 fbsd kernel: usbhid2 on uhub0
Apr 22 15:09:19 fbsd kernel: usbhid2: <Logitech USB Receiver, class 0/0, rev 2.00/12.09, addr 3> on usbus0
Apr 22 15:09:19 fbsd kernel: hidbus2: <HID bus> on usbhid2
Apr 22 15:09:19 fbsd kernel: GEOM_ELI: Device ada2.eli created.
Apr 22 15:09:19 fbsd kernel: GEOM_ELI: Encryption: AES-XTS 128
Apr 22 15:09:19 fbsd kernel: GEOM_ELI:     Crypto: accelerated software
Apr 22 15:09:19 fbsd kernel: GEOM_ELI: Device ada3.eli created.
Apr 22 15:09:19 fbsd kernel: GEOM_ELI: Encryption: AES-XTS 128
Apr 22 15:09:19 fbsd kernel: GEOM_ELI:     Crypto: accelerated software
Apr 22 15:09:19 fbsd kernel: GEOM_ELI: Device ada0p2.eli created.
Apr 22 15:09:19 fbsd kernel: GEOM_ELI: Encryption: AES-XTS 128
Apr 22 15:09:19 fbsd kernel: GEOM_ELI:     Crypto: accelerated software
Apr 22 15:09:19 fbsd kernel: GEOM_ELI: Device ada1p2.eli created.
Apr 22 15:09:19 fbsd kernel: GEOM_ELI: Encryption: AES-XTS 128
Apr 22 15:09:19 fbsd kernel: GEOM_ELI:     Crypto: accelerated software
Apr 22 15:09:19 fbsd kernel: drmn0: <drmn> on vgapci0
Apr 22 15:09:19 fbsd kernel: vgapci0: child drmn0 requested pci_enable_io
Apr 22 15:09:19 fbsd syslogd: last message repeated 1 times
Apr 22 15:09:19 fbsd kernel: [drm] Unable to create a private tmpfs mount, hugepage support will be disabled(-19).
Apr 22 15:09:19 fbsd kernel: Failed to add WC MTRR for [0xe0000000-0xefffffff]: -22; performance may suffer
Apr 22 15:09:19 fbsd kernel: [drm] Got stolen memory base 0x9fa00000, size 0x22000000
Apr 22 15:09:19 fbsd kernel: [drm ERROR :i915_gem_init_stolen] Stolen reserved area 0xfffffe0108f4ca10R outside stolen memory 0xfffffe0108f4c9f8R
Apr 22 15:09:19 fbsd kernel: [drm] Supports vblank timestamp caching Rev 2 (21.10.2013).
Apr 22 15:09:19 fbsd kernel: [drm] Driver supports precise vblank timestamp query.
Apr 22 15:09:19 fbsd kernel: [drm] Connector VGA-1: get mode from tunables:
Apr 22 15:09:19 fbsd kernel: [drm]   - kern.vt.fb.modes.VGA-1
Apr 22 15:09:19 fbsd kernel: [drm]   - kern.vt.fb.default_mode
Apr 22 15:09:19 fbsd kernel: [drm] Connector HDMI-A-1: get mode from tunables:
Apr 22 15:09:19 fbsd kernel: [drm]   - kern.vt.fb.modes.HDMI-A-1
Apr 22 15:09:19 fbsd kernel: [drm]   - kern.vt.fb.default_mode
Apr 22 15:09:19 fbsd kernel: [drm] Connector HDMI-A-2: get mode from tunables:
Apr 22 15:09:19 fbsd kernel: [drm]   - kern.vt.fb.modes.HDMI-A-2
Apr 22 15:09:19 fbsd kernel: [drm]   - kern.vt.fb.default_mode
Apr 22 15:09:19 fbsd kernel: sysctl_warn_reuse: can't re-use a leaf (hw.dri.debug)!
Apr 22 15:09:19 fbsd kernel: [drm] Initialized i915 1.6.0 20190822 for drmn0 on minor 0
Apr 22 15:09:19 fbsd kernel: WARNING: Device "fb" is Giant locked and may be deleted before FreeBSD 14.0.
Apr 22 15:09:19 fbsd kernel: VT: Replacing driver "efifb" with new "fb".
Apr 22 15:09:19 fbsd kernel: start FB_INFO:
Apr 22 15:09:19 fbsd kernel: type=11 height=1050 width=1680 depth=32
Apr 22 15:09:19 fbsd kernel: cmsize=16 size=8294400
Apr 22 15:09:19 fbsd kernel: pbase=0xe0009000 vbase=0xfffff800e0009000
Apr 22 15:09:19 fbsd kernel: name=drmn0 flags=0x0 stride=7680 bpp=32
Apr 22 15:09:19 fbsd kernel: cmap[0]=0 cmap[1]=7f0000 cmap[2]=7f00 cmap[3]=c4a000
Apr 22 15:09:19 fbsd kernel: end FB_INFO
Apr 22 15:09:19 fbsd kernel: drmn0: fb0: i915drmfb frame buffer device
Apr 22 15:09:19 fbsd kernel: Cuse v0.1.36 @ /dev/cuse
Apr 22 15:09:19 fbsd kernel: coretemp0: <CPU On-Die Thermal Sensors> on cpu0
Apr 22 15:09:19 fbsd kernel: ichsmb0: <Intel Lynx Point SMBus controller> port 0xf040-0xf05f mem 0xf7e19000-0xf7e190ff irq 18 at device 31.3 on pci0
Apr 22 15:09:19 fbsd kernel: smbus0: <System Management Bus> on ichsmb0
Apr 22 15:09:19 fbsd kernel: hms0: <Logitech Gaming Mouse G502> on hidbus0
Apr 22 15:09:19 fbsd kernel: hms0: 16 buttons and [XYWH] coordinates ID=0
Apr 22 15:09:19 fbsd kernel: hms1: <Logitech USB Receiver Mouse> on hidbus1
Apr 22 15:09:19 fbsd kernel: hms1: 16 buttons and [XYWH] coordinates ID=2
Apr 22 15:09:19 fbsd kernel: hcons0: <Logitech USB Receiver Consumer Control> on hidbus1
Apr 22 15:09:19 fbsd kernel: hsctrl0: <Logitech USB Receiver System Control> on hidbus1
Apr 22 15:09:19 fbsd kernel: lo0: link state changed to UP
Apr 22 15:09:19 fbsd kernel: re0: link state changed to DOWN
Apr 22 15:09:19 fbsd kernel: uaudio0 on uhub0
Apr 22 15:09:19 fbsd kernel: uaudio0: <vendor 0x046d product 0x081b, class 239/2, rev 2.00/0.12, addr 2> on usbus0
Apr 22 15:09:19 fbsd kernel: uaudio0: No playback.
Apr 22 15:09:19 fbsd kernel: uaudio0: Record[0]: 48000 Hz, 1 ch, 16-bit S-LE PCM format, 2x8ms buffer.
Apr 22 15:09:19 fbsd kernel: uaudio0: Record[0]: 32000 Hz, 1 ch, 16-bit S-LE PCM format, 2x8ms buffer.
Apr 22 15:09:19 fbsd kernel: uaudio0: Record[0]: 24000 Hz, 1 ch, 16-bit S-LE PCM format, 2x8ms buffer.
Apr 22 15:09:19 fbsd kernel: uaudio0: Record[0]: 16000 Hz, 1 ch, 16-bit S-LE PCM format, 2x8ms buffer.
Apr 22 15:09:19 fbsd kernel: uaudio0: No MIDI sequencer.
Apr 22 15:09:19 fbsd kernel: pcm4: <USB audio> on uaudio0
Apr 22 15:09:19 fbsd kernel: uaudio0: No HID volume keys found.
Apr 22 15:09:19 fbsd kernel: re0: link state changed to UP
Apr 22 15:09:19 fbsd kernel: ipfw2 (+ipv6) initialized, divert loadable, nat loadable, default to deny, logging disabled
Apr 22 15:09:19 fbsd kernel: bridge0: Ethernet address: 58:9c:fc:10:43:59
Apr 22 15:09:19 fbsd kernel: bridge0: changing name to 'vm-public'
Apr 22 15:09:19 fbsd kernel: re0: promiscuous mode enabled
Apr 22 15:09:19 fbsd kernel: vm-public: link state changed to UP
Apr 22 15:09:19 fbsd ntpd[18680]: ntpd 4.2.8p15-a (1): Starting
Apr 22 15:09:19 fbsd kernel: Security policy loaded: MAC/ntpd (mac_ntpd)
Apr 22 15:09:19 fbsd ntpd[18680]: Command line: /usr/sbin/ntpd -p /var/db/ntp/ntpd.pid -c /etc/ntp.conf -f /var/db/ntp/ntpd.drift
Apr 22 15:09:19 fbsd ntpd[18680]: ----------------------------------------------------
Apr 22 15:09:19 fbsd ntpd[18680]: ntp-4 is maintained by Network Time Foundation,
Apr 22 15:09:19 fbsd ntpd[18680]: Inc. (NTF), a non-profit 501(c)(3) public-benefit
Apr 22 15:09:19 fbsd ntpd[18680]: corporation.  Support and training for ntp-4 are
Apr 22 15:09:19 fbsd ntpd[18680]: available at https://www.nwtime.org/support
Apr 22 15:09:19 fbsd ntpd[18680]: ----------------------------------------------------
Apr 22 15:09:19 fbsd ntpd[18863]: leapsecond file ('/var/db/ntpd.leap-seconds.list'): good hash signature
Apr 22 15:09:19 fbsd ntpd[18863]: leapsecond file ('/var/db/ntpd.leap-seconds.list'): loaded, expire=2020-12-28T00:00:00Z last=2017-01-01T00:00:00Z ofs=37
Apr 22 15:09:19 fbsd ntpd[18863]: leapsecond file ('/var/db/ntpd.leap-seconds.list'): expired 116 days ago
Apr 22 15:10:07 fbsd syslogd: kernel boot file is /boot/kernel/kernel
Apr 22 15:10:07 fbsd kernel: drmn0: GPU HANG: ecode 7:1:0xff704041, in MainThread [101354], hang on rcs0
Apr 22 15:10:07 fbsd kernel: drmn0: Resetting chip for hang on rcs0
Apr 22 15:10:07 fbsd kernel: ---<<BOOT>>---
